Component: Arm Compiler for Embedded 6.22 Tool: armlink [5ee90200]

==============================================================================

Section Cross References

    main.o(.text.main) refers to deep_sleep.o(.text.DEEP_SLEEP_INIT) for DEEP_SLEEP_INIT
    main.o(.text.main) refers to deep_sleep.o(.text.DEEP_SLEEP) for DEEP_SLEEP
    main.o(.text.main) refers to led_buzzer.o(.text.OnBoardLedINIT) for OnBoardLedINIT
    main.o(.text.main) refers to bmp280.o(.rodata.bmp280) for bmp280
    main.o(.text.main) refers to led_buzzer.o(.text.BMP_BUZZER_DRIVE) for BMP_BUZZER_DRIVE
    main.o(.text.main) refers to radar.o(.text.RADAR_ENABLE) for RADAR_ENABLE
    main.o(.text.main) refers to keypad.o(.rodata.keypad) for keypad
    main.o(.text.main) refers to led_buzzer.o(.text.ChangeGraphButtonRead) for ChangeGraphButtonRead
    main.o(.ARM.exidx.text.main) refers to main.o(.text.main) for [Anonymous Symbol]
    deep_sleep.o(.ARM.exidx.text.LM35_AC0_Init) refers to deep_sleep.o(.text.LM35_AC0_Init) for [Anonymous Symbol]
    deep_sleep.o(.ARM.exidx.text.LM35_AC0_DeInit) refers to deep_sleep.o(.text.LM35_AC0_DeInit) for [Anonymous Symbol]
    deep_sleep.o(.text.COMP0_Handler) refers to deep_sleep.o(.bss.LM_35_AboveThreshold) for LM_35_AboveThreshold
    deep_sleep.o(.ARM.exidx.text.COMP0_Handler) refers to deep_sleep.o(.text.COMP0_Handler) for [Anonymous Symbol]
    deep_sleep.o(.ARM.exidx.text.POWER_LED_ON) refers to deep_sleep.o(.text.POWER_LED_ON) for [Anonymous Symbol]
    deep_sleep.o(.ARM.exidx.text.POWER_LED_OFF) refers to deep_sleep.o(.text.POWER_LED_OFF) for [Anonymous Symbol]
    deep_sleep.o(.text.WAKE_UP) refers to deep_sleep.o(.text.LM35_AC0_DeInit) for LM35_AC0_DeInit
    deep_sleep.o(.text.WAKE_UP) refers to lcd.o(.text.Nokia5110_Init) for Nokia5110_Init
    deep_sleep.o(.text.WAKE_UP) refers to lcd.o(.text.Nokia5110_Clear) for Nokia5110_Clear
    deep_sleep.o(.text.WAKE_UP) refers to deep_sleep.o(.text.POWER_LED_ON) for POWER_LED_ON
    deep_sleep.o(.text.WAKE_UP) refers to keypad.o(.rodata.keypad) for keypad
    deep_sleep.o(.text.WAKE_UP) refers to led_buzzer.o(.text.ChangeGraphButtonInit) for ChangeGraphButtonInit
    deep_sleep.o(.text.WAKE_UP) refers to systick_init.o(.text.SysTick_INIT) for SysTick_INIT
    deep_sleep.o(.text.WAKE_UP) refers to hcsr04.o(.rodata.hcsr04) for hcsr04
    deep_sleep.o(.text.WAKE_UP) refers to i2c.o(.text.I2C0_Init) for I2C0_Init
    deep_sleep.o(.text.WAKE_UP) refers to bmp280.o(.rodata.bmp280) for bmp280
    deep_sleep.o(.ARM.exidx.text.WAKE_UP) refers to deep_sleep.o(.text.WAKE_UP) for [Anonymous Symbol]
    deep_sleep.o(.text.DEEP_SLEEP_INIT) refers to lcd.o(.text.Nokia5110_Init) for Nokia5110_Init
    deep_sleep.o(.text.DEEP_SLEEP_INIT) refers to led_buzzer.o(.text.OnBoardLedINIT) for OnBoardLedINIT
    deep_sleep.o(.text.DEEP_SLEEP_INIT) refers to deep_sleep.o(.text.POWER_LED_ON) for POWER_LED_ON
    deep_sleep.o(.text.DEEP_SLEEP_INIT) refers to keypad.o(.rodata.keypad) for keypad
    deep_sleep.o(.text.DEEP_SLEEP_INIT) refers to led_buzzer.o(.text.ChangeGraphButtonInit) for ChangeGraphButtonInit
    deep_sleep.o(.text.DEEP_SLEEP_INIT) refers to systick_init.o(.text.SysTick_INIT) for SysTick_INIT
    deep_sleep.o(.text.DEEP_SLEEP_INIT) refers to hcsr04.o(.rodata.hcsr04) for hcsr04
    deep_sleep.o(.text.DEEP_SLEEP_INIT) refers to i2c.o(.text.I2C0_Init) for I2C0_Init
    deep_sleep.o(.text.DEEP_SLEEP_INIT) refers to bmp280.o(.rodata.bmp280) for bmp280
    deep_sleep.o(.ARM.exidx.text.DEEP_SLEEP_INIT) refers to deep_sleep.o(.text.DEEP_SLEEP_INIT) for [Anonymous Symbol]
    deep_sleep.o(.text.CLASSICAL_OPERATION) refers to deep_sleep.o(.text.DEEP_SLEEP) for DEEP_SLEEP
    deep_sleep.o(.text.CLASSICAL_OPERATION) refers to led_buzzer.o(.text.OnBoardLedINIT) for OnBoardLedINIT
    deep_sleep.o(.text.CLASSICAL_OPERATION) refers to bmp280.o(.rodata.bmp280) for bmp280
    deep_sleep.o(.text.CLASSICAL_OPERATION) refers to led_buzzer.o(.text.BMP_BUZZER_DRIVE) for BMP_BUZZER_DRIVE
    deep_sleep.o(.text.CLASSICAL_OPERATION) refers to radar.o(.text.RADAR_ENABLE) for RADAR_ENABLE
    deep_sleep.o(.text.CLASSICAL_OPERATION) refers to led_buzzer.o(.text.ChangeGraphButtonRead) for ChangeGraphButtonRead
    deep_sleep.o(.text.CLASSICAL_OPERATION) refers to keypad.o(.rodata.keypad) for keypad
    deep_sleep.o(.ARM.exidx.text.CLASSICAL_OPERATION) refers to deep_sleep.o(.text.CLASSICAL_OPERATION) for [Anonymous Symbol]
    deep_sleep.o(.text.DEEP_SLEEP) refers to adc.o(.text.LM35_THRESHOLD_READ) for LM35_THRESHOLD_READ
    deep_sleep.o(.text.DEEP_SLEEP) refers to deep_sleep.o(.data.LM35_THRESHOLD) for LM35_THRESHOLD
    deep_sleep.o(.text.DEEP_SLEEP) refers to lcd.o(.text.Nokia5110_Clear) for Nokia5110_Clear
    deep_sleep.o(.text.DEEP_SLEEP) refers to deep_sleep.o(.bss.LM35_THRESHOLD_BUFFER) for LM35_THRESHOLD_BUFFER
    deep_sleep.o(.text.DEEP_SLEEP) refers to lcd.o(.text.IntToStr) for IntToStr
[...]
    CL$$btod_d2e_denorm_low                  0x0000432e   Section       70  btod.o(CL$$btod_d2e_denorm_low)
    CL$$btod_d2e_norm_op1                    0x00004374   Section       96  btod.o(CL$$btod_d2e_norm_op1)
    CL$$btod_div_common                      0x000043d4   Section      824  btod.o(CL$$btod_div_common)
    CL$$btod_e2e                             0x0000470c   Section      220  btod.o(CL$$btod_e2e)
    CL$$btod_ediv                            0x000047e8   Section       42  btod.o(CL$$btod_ediv)
    CL$$btod_emul                            0x00004812   Section       42  btod.o(CL$$btod_emul)
    CL$$btod_mult_common                     0x0000483c   Section      580  btod.o(CL$$btod_mult_common)
    $v0                                      0x00004a80   Number         0  keypad_1.o(KEYPAD)
    KEYPAD                                   0x00004a80   Section      208  keypad_1.o(KEYPAD)
    i.__ARM_fpclassify                       0x00004b50   Section        0  fpclassify.o(i.__ARM_fpclassify)
    i._is_digit                              0x00004b80   Section        0  __printf_wp.o(i._is_digit)
    locale$$code                             0x00004b90   Section       44  lc_numeric_c.o(locale$$code)
    locale$$code                             0x00004bbc   Section       44  lc_ctype_c.o(locale$$code)
    $v0                                      0x00004be8   Number         0  d2f.o(x$fpl$d2f)
    x$fpl$d2f                                0x00004be8   Section       98  d2f.o(x$fpl$d2f)
    $v0                                      0x00004c4c   Number         0  daddsub_clz.o(x$fpl$dadd)
    x$fpl$dadd                               0x00004c4c   Section      336  daddsub_clz.o(x$fpl$dadd)
    _dadd1                                   0x00004c5d   Thumb Code     0  daddsub_clz.o(x$fpl$dadd)
    $v0                                      0x00004d9c   Number         0  ddiv.o(x$fpl$ddiv)
    x$fpl$ddiv                               0x00004d9c   Section      696  ddiv.o(x$fpl$ddiv)
    ddiv_entry                               0x00004da3   Thumb Code     0  ddiv.o(x$fpl$ddiv)
    $v0                                      0x00005054   Number         0  dfix.o(x$fpl$dfix)
    x$fpl$dfix                               0x00005054   Section       94  dfix.o(x$fpl$dfix)
    $v0                                      0x000050b2   Number         0  dflt_clz.o(x$fpl$dflt)
    x$fpl$dflt                               0x000050b2   Section       46  dflt_clz.o(x$fpl$dflt)
    $v0                                      0x000050e0   Number         0  dmul.o(x$fpl$dmul)
    x$fpl$dmul                               0x000050e0   Section      340  dmul.o(x$fpl$dmul)
    $v0                                      0x00005234   Number         0  dnaninf.o(x$fpl$dnaninf)
    x$fpl$dnaninf                            0x00005234   Section      156  dnaninf.o(x$fpl$dnaninf)
    $v0                                      0x000052d0   Number         0  dretinf.o(x$fpl$dretinf)
    x$fpl$dretinf                            0x000052d0   Section       12  dretinf.o(x$fpl$dretinf)
    $v0                                      0x000052dc   Number         0  daddsub_clz.o(x$fpl$dsub)
    x$fpl$dsub                               0x000052dc   Section      476  daddsub_clz.o(x$fpl$dsub)
    _dsub1                                   0x000052ed   Thumb Code     0  daddsub_clz.o(x$fpl$dsub)
    $v0                                      0x000054b8   Number         0  f2d.o(x$fpl$f2d)
    x$fpl$f2d                                0x000054b8   Section       86  f2d.o(x$fpl$f2d)
    $v0                                      0x0000550e   Number         0  fnaninf.o(x$fpl$fnaninf)
    x$fpl$fnaninf                            0x0000550e   Section      140  fnaninf.o(x$fpl$fnaninf)
    $v0                                      0x0000559a   Number         0  fpinit.o(x$fpl$fpinit)
    x$fpl$fpinit                             0x0000559a   Section       26  fpinit.o(x$fpl$fpinit)
    $v0                                      0x000055b4   Number         0  fretinf.o(x$fpl$fretinf)
    x$fpl$fretinf                            0x000055b4   Section       10  fretinf.o(x$fpl$fretinf)
    $v0                                      0x000055be   Number         0  printf1.o(x$fpl$printf1)
    x$fpl$printf1                            0x000055be   Section        4  printf1.o(x$fpl$printf1)
    $v0                                      0x000055c2   Number         0  printf2.o(x$fpl$printf2)
    x$fpl$printf2                            0x000055c2   Section        4  printf2.o(x$fpl$printf2)
    x$fpl$usenofp                            0x000055c6   Section        0  usenofp.o(x$fpl$usenofp)
    initial_mbstate                          0x000055c8   Data           8  _printf_wctomb.o(.constdata)
    .constdata                               0x000055c8   Section        8  _printf_wctomb.o(.constdata)
    uc_hextab                                0x000055d0   Data          20  _printf_hex_int_ll_ptr.o(.constdata)
    .constdata                               0x000055d0   Section       40  _printf_hex_int_ll_ptr.o(.constdata)
    lc_hextab                                0x000055e4   Data          20  _printf_hex_int_ll_ptr.o(.constdata)
    maptable                                 0x000055f8   Data          17  __printf_flags_ss_wp.o(.constdata)
    .constdata                               0x000055f8   Section       17  __printf_flags_ss_wp.o(.constdata)
    lc_hextab                                0x00005609   Data          19  _printf_fp_hex.o(.constdata)
    .constdata                               0x00005609   Section       38  _printf_fp_hex.o(.constdata)
    uc_hextab                                0x0000561c   Data          19  _printf_fp_hex.o(.constdata)
    tenpwrs_x                                0x00005630   Data          60  bigflt0.o(.constdata)
    .constdata                               0x00005630   Section      148  bigflt0.o(.constdata)
    tenpwrs_i                                0x0000566c   Data          64  bigflt0.o(.constdata)
    .L.str                                   0x00005e5c   Data           9  deep_sleep.o(.rodata.str1.1)
    [Anonymous Symbol]                       0x00005e5c   Section        0  deep_sleep.o(.rodata.str1.1)
    .L.str.1                                 0x00005e65   Data          23  keypad.o(.rodata.str1.1)
    [Anonymous Symbol]                       0x00005e65   Section        0  keypad.o(.rodata.str1.1)
    .L.str                                   0x00005e7c   Data          10  keypad.o(.rodata.str1.1)
    .L.str                                   0x00005e7c   Data          10  keypad.o(.rodata.str1.1)
    .L.str.6                                 0x00005e86   Data          13  led_buzzer.o(.rodata.str1.1)
    [Anonymous Symbol]                       0x00005e86   Section        0  led_buzzer.o(.rodata.str1.1)
    .L.str.1                                 0x00005e93   Data          12  led_buzzer.o(.rodata.str1.1)
    .L.str.2                                 0x00005e9f   Data           9  led_buzzer.o(.rodata.str1.1)
    .L.str.3                                 0x00005ea8   Data          10  led_buzzer.o(.rodata.str1.1)
    .L.str.5                                 0x00005eb2   Data          14  led_buzzer.o(.rodata.str1.1)
    .L.str.4                                 0x00005ec0   Data          11  led_buzzer.o(.rodata.str1.1)
    locale$$data                             0x00005eec   Section       28  lc_numeric_c.o(locale$$data)
    __lcnum_c_name                           0x00005ef0   Data           2  lc_numeric_c.o(locale$$data)
    __lcnum_c_start                          0x00005ef8   Data           0  lc_numeric_c.o(locale$$data)
    __lcnum_c_point                          0x00005f04   Data           0  lc_numeric_c.o(locale$$data)
    __lcnum_c_thousands                      0x00005f06   Data           0  lc_numeric_c.o(locale$$data)
    __lcnum_c_grouping                       0x00005f07   Data           0  lc_numeric_c.o(locale$$data)
    __lcnum_c_end                            0x00005f08   Data           0  lc_numeric_c.o(locale$$data)
    locale$$data                             0x00005f08   Section      272  lc_ctype_c.o(locale$$data)
    __lcctype_c_name                         0x00005f0c   Data           2  lc_ctype_c.o(locale$$data)
    __lcctype_c_start                        0x00005f14   Data           0  lc_ctype_c.o(locale$$data)
    __lcctype_c_end                          0x00006018   Data           0  lc_ctype_c.o(locale$$data)
    .init_array                              0x00006024   Section        0  init_aeabi.o(.init_array)
    ChangeGraphButtonRead.previousState      0x20000000   Data           1  led_buzzer.o(.data.ChangeGraphButtonRead.previousState)
    [Anonymous Symbol]                       0x20000000   Section        0  led_buzzer.o(.data.ChangeGraphButtonRead.previousState)
    bmp280_instance                          0x20000008   Data          48  bmp280.o(.data.bmp280_instance)
    [Anonymous Symbol]                       0x20000008   Section        0  bmp280.o(.data.bmp280_instance)
    hcsr04_instance                          0x2000003c   Data          44  hcsr04.o(.data.hcsr04_instance)
    [Anonymous Symbol]                       0x2000003c   Section        0  hcsr04.o(.data.hcsr04_instance)
    keypad_instance                          0x20000068   Data          48  keypad.o(.data.keypad_instance)
    [Anonymous Symbol]                       0x20000068   Section        0  keypad.o(.data.keypad_instance)
    .bss                                     0x20000648   Section       96  libspace.o(.bss)
    ChangeGraphButtonRead.displayState       0x200006a8   Data           1  led_buzzer.o(.bss.ChangeGraphButtonRead.displayState)
    [Anonymous Symbol]                       0x200006a8   Section        0  led_buzzer.o(.bss.ChangeGraphButtonRead.displayState)
    LM_35_AboveThreshold                     0x200006bd   Data           1  deep_sleep.o(.bss.LM_35_AboveThreshold)
    [Anonymous Symbol]                       0x200006bd   Section        0  deep_sleep.o(.bss.LM_35_AboveThreshold)
    Screen                                   0x200006be   Data         504  lcd.o(.bss.Screen)
    [Anonymous Symbol]                       0x200006be   Section        0  lcd.o(.bss.Screen)
    bmp280_calib                             0x200008b6   Data          24  bmp280.o(.bss.bmp280_calib)
    [Anonymous Symbol]                       0x200008b6   Section        0  bmp280.o(.bss.bmp280_calib)
    t_fine                                   0x200008ec   Data           4  bmp280.o(.bss.t_fine)
    [Anonymous Symbol]                       0x200008ec   Section        0  bmp280.o(.bss.t_fine)
    Heap_Mem                                 0x200008f0   Data           0  startup_tm4c123.o(HEAP)
    Stack_Mem                                0x200008f0   Data         512  startup_tm4c123.o(STACK)
    HEAP                                     0x200008f0   Section        0  startup_tm4c123.o(HEAP)
    STACK                                    0x200008f0   Section      512  startup_tm4c123.o(STACK)
    __initial_sp                             0x20000af0   Data           0  startup_tm4c123.o(STACK)

    Global Symbols

    Symbol Name                              Value     Ov Type        Size  Object(Section)

    BuildAttributes$$THM_ISAv4$E$P$D$K$B$S$7EM$VFPi3$EXTD16$VFPS$VFMA$PE$A:L22UL41UL21$X:L11$S22US41US21$IEEE1$IW$~IW$USESV6$~STKCKD$USESV7$~SHL$OTIME$ROPI$IEEEJ$EBA8$UX$STANDARDLIB$REQ8$EABIv2 0x00000000   Number         0  anon$$obj.o ABSOLUTE
    __Vectors                                0x00000000   Data           4  startup_tm4c123.o(RESET)
    _printf_flags                            0x00000000   Number         0  printf_stubs.o ABSOLUTE
    _printf_return_value                     0x00000000   Number         0  printf_stubs.o ABSOLUTE
    _printf_sizespec                         0x00000000   Number         0  printf_stubs.o ABSOLUTE
    _printf_widthprec                        0x00000000   Number         0  printf_stubs.o ABSOLUTE
    __ARM_exceptions_init                     - Undefined Weak Reference
    __alloca_initialize                       - Undefined Weak Reference
    __arm_preinit_                            - Undefined Weak Reference
    __arm_relocate_pie_                       - Undefined Weak Reference
    __cxa_finalize                            - Undefined Weak Reference
    __sigvec_lookup                           - Undefined Weak Reference
    _atexit_init                              - Undefined Weak Reference
    _call_atexit_fns                          - Undefined Weak Reference
    _clock_init                               - Undefined Weak Reference
    _fp_trap_init                             - Undefined Weak Reference
    _fp_trap_shutdown                         - Undefined Weak Reference
    _get_lc_collate                           - Undefined Weak Reference
    _get_lc_monetary                          - Undefined Weak Reference
    _get_lc_time                              - Undefined Weak Reference
    _getenv_init                              - Undefined Weak Reference
    _handle_redirection                       - Undefined Weak Reference
    _init_alloc                               - Undefined Weak Reference
    _init_user_alloc                          - Undefined Weak Reference
    _initio                                   - Undefined Weak Reference
    _printf_mbtowc                            - Undefined Weak Reference
    _printf_wc                                - Undefined Weak Reference
    _rand_init                                - Undefined Weak Reference
    _signal_finish                            - Undefined Weak Reference
    _signal_init                              - Undefined Weak Reference
    _terminate_alloc                          - Undefined Weak Reference
    _terminate_user_alloc                     - Undefined Weak Reference
    _terminateio                              - Undefined Weak Reference
    __Vectors_End                            0x0000026c   Data           0  startup_tm4c123.o(RESET)
    __Vectors_Size                           0x0000026c   Number         0  startup_tm4c123.o ABSOLUTE
    __main                                   0x0000026d   Thumb Code     8  __main.o(!!!main)
    __scatterload                            0x00000275   Thumb Code     0  __scatter.o(!!!scatter)
    __scatterload_rt2                        0x00000275   Thumb Code    84  __scatter.o(!!!scatter)
    __scatterload_rt2_thumb_only             0x00000275   Thumb Code     0  __scatter.o(!!!scatter)
    __scatterload_loop                       0x0000027f   Thumb Code     0  __scatter.o(!!!scatter)
    __decompress                             0x000002d1   Thumb Code    58  __dczerorl.o(!!dczerorl)
    __decompress0                            0x000002d1   Thumb Code     0  __dczerorl.o(!!dczerorl)
    __scatterload_null                       0x0000030d   Thumb Code     2  __scatter.o(!!handler_null)
    __scatterload_zeroinit                   0x00000311   Thumb Code    28  __scatter_zi.o(!!handler_zi)
    _printf_n                                0x0000032d   Thumb Code     0  _printf_n.o(.ARM.Collect$$_printf_percent$$00000001)
    _printf_percent                          0x0000032d   Thumb Code     0  _printf_percent.o(.ARM.Collect$$_printf_percent$$00000000)
    _printf_p                                0x00000333   Thumb Code     0  _printf_p.o(.ARM.Collect$$_printf_percent$$00000002)
    _printf_f                                0x00000339   Thumb Code     0  _printf_f.o(.ARM.Collect$$_printf_percent$$00000003)
    _printf_e                                0x0000033f   Thumb Code     0  _printf_e.o(.ARM.Collect$$_printf_percent$$00000004)
    _printf_g                                0x00000345   Thumb Code     0  _printf_g.o(.ARM.Collect$$_printf_percent$$00000005)
    _printf_a                                0x0000034b   Thumb Code     0  _printf_a.o(.ARM.Collect$$_printf_percent$$00000006)
    _printf_ll                               0x00000351   Thumb Code     0  _printf_ll.o(.ARM.Collect$$_printf_percent$$00000007)
    _printf_i                                0x0000035b   Thumb Code     0  _printf_i.o(.ARM.Collect$$_printf_percent$$00000008)
    _printf_d                                0x00000361   Thumb Code     0  _printf_d.o(.ARM.Collect$$_printf_percent$$00000009)
    _printf_u                                0x00000367   Thumb Code     0  _printf_u.o(.ARM.Collect$$_printf_percent$$0000000A)
    _printf_o                                0x0000036d   Thumb Code     0  _printf_o.o(.ARM.Collect$$_printf_percent$$0000000B)
    _printf_x                                0x00000373   Thumb Code     0  _printf_x.o(.ARM.Collect$$_printf_percent$$0000000C)
    _printf_lli                              0x00000379   Thumb Code     0  _printf_lli.o(.ARM.Collect$$_printf_percent$$0000000D)
    _printf_lld                              0x0000037f   Thumb Code     0  _printf_lld.o(.ARM.Collect$$_printf_percent$$0000000E)
    _printf_llu                              0x00000385   Thumb Code     0  _printf_llu.o(.ARM.Collect$$_printf_percent$$0000000F)
    _printf_llo                              0x0000038b   Thumb Code     0  _printf_llo.o(.ARM.Collect$$_printf_percent$$00000010)
    _printf_llx                              0x00000391   Thumb Code     0  _printf_llx.o(.ARM.Collect$$_printf_percent$$00000011)
    _printf_l                                0x00000397   Thumb Code     0  _printf_l.o(.ARM.Collect$$_printf_percent$$00000012)
    _printf_c                                0x000003a1   Thumb Code     0  _printf_c.o(.ARM.Collect$$_printf_percent$$00000013)
    _printf_s                                0x000003a7   Thumb Code     0  _printf_s.o(.ARM.Collect$$_printf_percent$$00000014)
    _printf_lc                               0x000003ad   Thumb Code     0  _printf_lc.o(.ARM.Collect$$_printf_percent$$00000015)
    _printf_ls                               0x000003b3   Thumb Code     0  _printf_ls.o(.ARM.Collect$$_printf_percent$$00000016)
    _printf_percent_end                      0x000003b9   Thumb Code     0  _printf_percent_end.o(.ARM.Collect$$_printf_percent$$00000017)
    __rt_lib_init                            0x000003bd   Thumb Code     0  libinit.o(.ARM.Collect$$libinit$$00000000)
    __rt_lib_init_fp_1                       0x000003bf   Thumb Code     0  libinit2.o(.ARM.Collect$$libinit$$00000001)
    __rt_lib_init_heap_1                     0x000003c3   Thumb Code     0  libinit2.o(.ARM.Collect$$libinit$$0000000C)
    __rt_lib_init_lc_common                  0x000003c3   Thumb Code     0  libinit2.o(.ARM.Collect$$libinit$$00000011)
    __rt_lib_init_preinit_1                  0x000003c3   Thumb Code     0  libinit2.o(.ARM.Collect$$libinit$$00000006)
    __rt_lib_init_rand_1                     0x000003c3   Thumb Code     0  libinit2.o(.ARM.Collect$$libinit$$00000010)
    __rt_lib_init_relocate_pie_1             0x000003c3   Thumb Code     0  libinit2.o(.ARM.Collect$$libinit$$00000004)
    __rt_lib_init_user_alloc_1               0x000003c3   Thumb Code     0  libinit2.o(.ARM.Collect$$libinit$$0000000E)
    __rt_lib_init_lc_collate_1               0x000003c9   Thumb Code     0  libinit2.o(.ARM.Collect$$libinit$$00000013)
    __rt_lib_init_lc_ctype_2                 0x000003c9   Thumb Code     0  libinit2.o(.ARM.Collect$$libinit$$00000014)
    __rt_lib_init_lc_ctype_1                 0x000003d5   Thumb Code     0  libinit2.o(.ARM.Collect$$libinit$$00000015)
    __rt_lib_init_lc_monetary_1              0x000003d5   Thumb Code     0  libinit2.o(.ARM.Collect$$libinit$$00000017)
    __rt_lib_init_lc_numeric_2               0x000003d5   Thumb Code     0  libinit2.o(.ARM.Collect$$libinit$$00000018)
    __rt_lib_init_alloca_1                   0x000003df   Thumb Code     0  libinit2.o(.ARM.Collect$$libinit$$00000030)
    __rt_lib_init_argv_1                     0x000003df   Thumb Code     0  libinit2.o(.ARM.Collect$$libinit$$0000002E)
    __rt_lib_init_atexit_1                   0x000003df   Thumb Code     0  libinit2.o(.ARM.Collect$$libinit$$0000001D)
    __rt_lib_init_clock_1                    0x000003df   Thumb Code     0  libinit2.o(.ARM.Collect$$libinit$$00000023)
    __rt_lib_init_cpp_2                      0x000003df   Thumb Code     0  libinit2.o(.ARM.Collect$$libinit$$00000033)
    __rt_lib_init_exceptions_1               0x000003df   Thumb Code     0  libinit2.o(.ARM.Collect$$libinit$$00000032)
    __rt_lib_init_fp_trap_1                  0x000003df   Thumb Code     0  libinit2.o(.ARM.Collect$$libinit$$00000021)
    __rt_lib_init_getenv_1                   0x000003df   Thumb Code     0  libinit2.o(.ARM.Collect$$libinit$$00000025)
    __rt_lib_init_lc_numeric_1               0x000003df   Thumb Code     0  libinit2.o(.ARM.Collect$$libinit$$00000019)
    __rt_lib_init_lc_time_1                  0x000003df   Thumb Code     0  libinit2.o(.ARM.Collect$$libinit$$0000001B)
    __rt_lib_init_signal_1                   0x000003df   Thumb Code     0  libinit2.o(.ARM.Collect$$libinit$$0000001F)
    __rt_lib_init_stdio_1                    0x000003df   Thumb Code     0  libinit2.o(.ARM.Collect$$libinit$$00000027)
    __rt_lib_init_cpp_1                      0x000003e3   Thumb Code     0  libinit2.o(.ARM.Collect$$libinit$$00000034)
    __rt_lib_init_return                     0x000003e3   Thumb Code     0  libinit2.o(.ARM.Collect$$libinit$$00000035)
    __rt_lib_shutdown                        0x000003e5   Thumb Code     0  libshutdown.o(.ARM.Collect$$libshutdown$$00000000)
    __rt_lib_shutdown_cpp_1                  0x000003e7   Thumb Code     0  libshutdown2.o(.ARM.Collect$$libshutdown$$00000002)
    __rt_lib_shutdown_fp_trap_1              0x000003e7   Thumb Code     0  libshutdown2.o(.ARM.Collect$$libshutdown$$00000007)
    __rt_lib_shutdown_heap_1                 0x000003e7   Thumb Code     0  libshutdown2.o(.ARM.Collect$$libshutdown$$0000000F)
    __rt_lib_shutdown_return                 0x000003e7   Thumb Code     0  libshutdown2.o(.ARM.Collect$$libshutdown$$00000010)
    __rt_lib_shutdown_signal_1               0x000003e7   Thumb Code     0  libshutdown2.o(.ARM.Collect$$libshutdown$$0000000A)
    __rt_lib_shutdown_stdio_1                0x000003e7   Thumb Code     0  libshutdown2.o(.ARM.Collect$$libshutdown$$00000004)
    __rt_lib_shutdown_user_alloc_1           0x000003e7   Thumb Code     0  libshutdown2.o(.ARM.Collect$$libshutdown$$0000000C)
    __rt_entry                               0x000003e9   Thumb Code     0  __rtentry.o(.ARM.Collect$$rtentry$$00000000)
    __rt_entry_presh_1                       0x000003e9   Thumb Code     0  __rtentry2.o(.ARM.Collect$$rtentry$$00000002)
    __rt_entry_sh                            0x000003e9   Thumb Code     0  __rtentry4.o(.ARM.Collect$$rtentry$$00000004)
    __rt_entry_li                            0x000003ef   Thumb Code     0  __rtentry2.o(.ARM.Collect$$rtentry$$0000000A)
    __rt_entry_postsh_1                      0x000003ef   Thumb Code     0  __rtentry2.o(.ARM.Collect$$rtentry$$00000009)
    __rt_entry_main                          0x000003f3   Thumb Code     0  __rtentry2.o(.ARM.Collect$$rtentry$$0000000D)
    __rt_entry_postli_1                      0x000003f3   Thumb Code     0  __rtentry2.o(.ARM.Collect$$rtentry$$0000000C)
    __rt_exit                                0x000003fb   Thumb Code     0  rtexit.o(.ARM.Collect$$rtexit$$00000000)
    __rt_exit_ls                             0x000003fd   Thumb Code     0  rtexit2.o(.ARM.Collect$$rtexit$$00000003)
    __rt_exit_prels_1                        0x000003fd   Thumb Code     0  rtexit2.o(.ARM.Collect$$rtexit$$00000002)
    __rt_exit_exit                           0x00000401   Thumb Code     0  rtexit2.o(.ARM.Collect$$rtexit$$00000004)
    Reset_Handler                            0x00000409   Thumb Code     8  startup_tm4c123.o(.text)
    NMI_Handler                              0x00000411   Thumb Code     2  startup_tm4c123.o(.text)
    HardFault_Handler                        0x00000413   Thumb Code     2  startup_tm4c123.o(.text)
    MemManage_Handler                        0x00000415   Thumb Code     2  startup_tm4c123.o(.text)
    BusFault_Handler                         0x00000417   Thumb Code     2  startup_tm4c123.o(.text)
    UsageFault_Handler                       0x00000419   Thumb Code     2  startup_tm4c123.o(.text)
    SVC_Handler                              0x0000041b   Thumb Code     2  startup_tm4c123.o(.text)
    DebugMon_Handler                         0x0000041d   Thumb Code     2  startup_tm4c123.o(.text)
    PendSV_Handler                           0x0000041f   Thumb Code     2  startup_tm4c123.o(.text)
    GPIOA_Handler                            0x00000423   Thumb Code     2  startup_tm4c123.o(.text)
    GPIOB_Handler                            0x00000425   Thumb Code     2  startup_tm4c123.o(.text)
    GPIOC_Handler                            0x00000427   Thumb Code     2  startup_tm4c123.o(.text)
    GPIOE_Handler                            0x0000042b   Thumb Code     2  startup_tm4c123.o(.text)
    UART0_Handler                            0x0000042d   Thumb Code     2  startup_tm4c123.o(.text)
    UART1_Handler                            0x0000042f   Thumb Code     2  startup_tm4c123.o(.text)
    SSI0_Handler                             0x00000431   Thumb Code     2  startup_tm4c123.o(.text)
    I2C0_Handler                             0x00000433   Thumb Code     2  startup_tm4c123.o(.text)
    PMW0_FAULT_Handler                       0x00000435   Thumb Code     2  startup_tm4c123.o(.text)
    PWM0_0_Handler                           0x00000437   Thumb Code     2  startup_tm4c123.o(.text)
    PWM0_1_Handler                           0x00000439   Thumb Code     2  startup_tm4c123.o(.text)
    PWM0_2_Handler                           0x0000043b   Thumb Code     2  startup_tm4c123.o(.text)
    QEI0_Handler                             0x0000043d   Thumb Code     2  startup_tm4c123.o(.text)
    ADC0SS0_Handler                          0x0000043f   Thumb Code     2  startup_tm4c123.o(.text)
    ADC0SS1_Handler                          0x00000441   Thumb Code     2  startup_tm4c123.o(.text)
    ADC0SS2_Handler                          0x00000443   Thumb Code     2  startup_tm4c123.o(.text)
    ADC0SS3_Handler                          0x00000445   Thumb Code     2  startup_tm4c123.o(.text)
    WDT0_Handler                             0x00000447   Thumb Code     2  startup_tm4c123.o(.text)
    TIMER0B_Handler                          0x0000044b   Thumb Code     2  startup_tm4c123.o(.text)
    TIMER1B_Handler                          0x0000044f   Thumb Code     2  startup_tm4c123.o(.text)
    TIMER2A_Handler                          0x00000451   Thumb Code     2  startup_tm4c123.o(.text)
    TIMER2B_Handler                          0x00000453   Thumb Code     2  startup_tm4c123.o(.text)
    COMP1_Handler                            0x00000457   Thumb Code     2  startup_tm4c123.o(.text)
    COMP2_Handler                            0x00000459   Thumb Code     2  startup_tm4c123.o(.text)
    SYSCTL_Handler                           0x0000045b   Thumb Code     2  startup_tm4c123.o(.text)
    FLASH_Handler                            0x0000045d   Thumb Code     2  startup_tm4c123.o(.text)
    GPIOF_Handler                            0x0000045f   Thumb Code     2  startup_tm4c123.o(.text)
    GPIOG_Handler                            0x00000461   Thumb Code     2  startup_tm4c123.o(.text)
    GPIOH_Handler                            0x00000463   Thumb Code     2  startup_tm4c123.o(.text)
    UART2_Handler                            0x00000465   Thumb Code     2  startup_tm4c123.o(.text)
    SSI1_Handler                             0x00000467   Thumb Code     2  startup_tm4c123.o(.text)
    TIMER3A_Handler                          0x00000469   Thumb Code     2  startup_tm4c123.o(.text)
    TIMER3B_Handler                          0x0000046b   Thumb Code     2  startup_tm4c123.o(.text)
    I2C1_Handler                             0x0000046d   Thumb Code     2  startup_tm4c123.o(.text)
    QEI1_Handler                             0x0000046f   Thumb Code     2  startup_tm4c123.o(.text)
    CAN0_Handler                             0x00000471   Thumb Code     2  startup_tm4c123.o(.text)
    CAN1_Handler                             0x00000473   Thumb Code     2  startup_tm4c123.o(.text)
    CAN2_Handler                             0x00000475   Thumb Code     2  startup_tm4c123.o(.text)
    HIB_Handler                              0x00000477   Thumb Code     2  startup_tm4c123.o(.text)
    USB0_Handler                             0x00000479   Thumb Code     2  startup_tm4c123.o(.text)
    PWM0_3_Handler                           0x0000047b   Thumb Code     2  startup_tm4c123.o(.text)
    UDMA_Handler                             0x0000047d   Thumb Code     2  startup_tm4c123.o(.text)
    UDMAERR_Handler                          0x0000047f   Thumb Code     2  startup_tm4c123.o(.text)
    ADC1SS0_Handler                          0x00000481   Thumb Code     2  startup_tm4c123.o(.text)
    ADC1SS1_Handler                          0x00000483   Thumb Code     2  startup_tm4c123.o(.text)
    ADC1SS2_Handler                          0x00000485   Thumb Code     2  startup_tm4c123.o(.text)
    ADC1SS3_Handler                          0x00000487   Thumb Code     2  startup_tm4c123.o(.text)
    GPIOJ_Handler                            0x00000489   Thumb Code     2  startup_tm4c123.o(.text)
    GPIOK_Handler                            0x0000048b   Thumb Code     2  startup_tm4c123.o(.text)
    GPIOL_Handler                            0x0000048d   Thumb Code     2  startup_tm4c123.o(.text)
    SSI2_Handler                             0x0000048f   Thumb Code     2  startup_tm4c123.o(.text)
    SSI3_Handler                             0x00000491   Thumb Code     2  startup_tm4c123.o(.text)
    UART3_Handler                            0x00000493   Thumb Code     2  startup_tm4c123.o(.text)
    UART4_Handler                            0x00000495   Thumb Code     2  startup_tm4c123.o(.text)
    UART5_Handler                            0x00000497   Thumb Code     2  startup_tm4c123.o(.text)
    UART6_Handler                            0x00000499   Thumb Code     2  startup_tm4c123.o(.text)
    UART7_Handler                            0x0000049b   Thumb Code     2  startup_tm4c123.o(.text)
    I2C2_Handler                             0x0000049d   Thumb Code     2  startup_tm4c123.o(.text)
    I2C3_Handler                             0x0000049f   Thumb Code     2  startup_tm4c123.o(.text)
    TIMER4A_Handler                          0x000004a1   Thumb Code     2  startup_tm4c123.o(.text)
    TIMER4B_Handler                          0x000004a3   Thumb Code     2  startup_tm4c123.o(.text)
    TIMER5A_Handler                          0x000004a5   Thumb Code     2  startup_tm4c123.o(.text)
    TIMER5B_Handler                          0x000004a7   Thumb Code     2  startup_tm4c123.o(.text)
    WTIMER0A_Handler                         0x000004a9   Thumb Code     2  startup_tm4c123.o(.text)
    WTIMER0B_Handler                         0x000004ab   Thumb Code     2  startup_tm4c123.o(.text)
    WTIMER1A_Handler                         0x000004ad   Thumb Code     2  startup_tm4c123.o(.text)
    WTIMER1B_Handler                         0x000004af   Thumb Code     2  startup_tm4c123.o(.text)
    WTIMER2A_Handler                         0x000004b1   Thumb Code     2  startup_tm4c123.o(.text)
    WTIMER2B_Handler                         0x000004b3   Thumb Code     2  startup_tm4c123.o(.text)
    WTIMER3A_Handler                         0x000004b5   Thumb Code     2  startup_tm4c123.o(.text)
    WTIMER3B_Handler                         0x000004b7   Thumb Code     2  startup_tm4c123.o(.text)
    WTIMER4A_Handler                         0x000004b9   Thumb Code     2  startup_tm4c123.o(.text)
    WTIMER4B_Handler                         0x000004bb   Thumb Code     2  startup_tm4c123.o(.text)
    WTIMER5A_Handler                         0x000004bd   Thumb Code     2  startup_tm4c123.o(.text)
    WTIMER5B_Handler                         0x000004bf   Thumb Code     2  startup_tm4c123.o(.text)
    FPU_Handler                              0x000004c1   Thumb Code     2  startup_tm4c123.o(.text)
    I2C4_Handler                             0x000004c3   Thumb Code     2  startup_tm4c123.o(.text)
    I2C5_Handler                             0x000004c5   Thumb Code     2  startup_tm4c123.o(.text)
    GPIOM_Handler                            0x000004c7   Thumb Code     2  startup_tm4c123.o(.text)
    GPION_Handler                            0x000004c9   Thumb Code     2  startup_tm4c123.o(.text)
    QEI2_Handler                             0x000004cb   Thumb Code     2  startup_tm4c123.o(.text)
    GPIOP0_Handler                           0x000004cd   Thumb Code     2  startup_tm4c123.o(.text)
    GPIOP1_Handler                           0x000004cf   Thumb Code     2  startup_tm4c123.o(.text)
    GPIOP2_Handler                           0x000004d1   Thumb Code     2  startup_tm4c123.o(.text)
    GPIOP3_Handler                           0x000004d3   Thumb Code     2  startup_tm4c123.o(.text)
    GPIOP4_Handler                           0x000004d5   Thumb Code     2  startup_tm4c123.o(.text)
    GPIOP5_Handler                           0x000004d7   Thumb Code     2  startup_tm4c123.o(.text)
    GPIOP6_Handler                           0x000004d9   Thumb Code     2  startup_tm4c123.o(.text)
    GPIOP7_Handler                           0x000004db   Thumb Code     2  startup_tm4c123.o(.text)
    GPIOQ0_Handler                           0x000004dd   Thumb Code     2  startup_tm4c123.o(.text)
    GPIOQ1_Handler                           0x000004df   Thumb Code     2  startup_tm4c123.o(.text)
    GPIOQ2_Handler                           0x000004e1   Thumb Code     2  startup_tm4c123.o(.text)
    GPIOQ3_Handler                           0x000004e3   Thumb Code     2  startup_tm4c123.o(.text)
    GPIOQ4_Handler                           0x000004e5   Thumb Code     2  startup_tm4c123.o(.text)
    GPIOQ5_Handler                           0x000004e7   Thumb Code     2  startup_tm4c123.o(.text)
    GPIOQ6_Handler                           0x000004e9   Thumb Code     2  startup_tm4c123.o(.text)
    GPIOQ7_Handler                           0x000004eb   Thumb Code     2  startup_tm4c123.o(.text)
    GPIOR_Handler                            0x000004ed   Thumb Code     2  startup_tm4c123.o(.text)
    GPIOS_Handler                            0x000004ef   Thumb Code     2  startup_tm4c123.o(.text)
    PMW1_0_Handler                           0x000004f1   Thumb Code     2  startup_tm4c123.o(.text)
    PWM1_1_Handler                           0x000004f3   Thumb Code     2  startup_tm4c123.o(.text)
    PWM1_2_Handler                           0x000004f5   Thumb Code     2  startup_tm4c123.o(.text)
    PWM1_3_Handler                           0x000004f7   Thumb Code     2  startup_tm4c123.o(.text)
    PWM1_FAULT_Handler                       0x000004f9   Thumb Code     2  startup_tm4c123.o(.text)
    __user_initial_stackheap                 0x000004fd   Thumb Code     0  startup_tm4c123.o(.text)
    __aeabi_ldivmod                          0x0000051d   Thumb Code     0  llsdiv.o(.text)
    _ll_sdiv                                 0x0000051d   Thumb Code   116  llsdiv.o(.text)
    snprintf                                 0x00000591   Thumb Code    58  snprintf.o(.text)
    __use_two_region_memory                  0x000005d1   Thumb Code     2  heapauxi.o(.text)
    __rt_heap_escrow$2region                 0x000005d3   Thumb Code     2  heapauxi.o(.text)
    __rt_heap_expand$2region                 0x000005d5   Thumb Code     2  heapauxi.o(.text)
    __cpp_initialize__aeabi_                 0x000005d9   Thumb Code    36  init_aeabi.o(.text)
    __aeabi_uldivmod                         0x00000605   Thumb Code     0  lludivv7m.o(.text)
    _ll_udiv                                 0x00000605   Thumb Code   240  lludivv7m.o(.text)
    _printf_pre_padding                      0x000006f5   Thumb Code    44  _printf_pad.o(.text)
    _printf_post_padding                     0x00000721   Thumb Code    34  _printf_pad.o(.text)
    _printf_truncate_signed                  0x00000743   Thumb Code    18  _printf_truncate.o(.text)
    _printf_truncate_unsigned                0x00000755   Thumb Code    18  _printf_truncate.o(.text)
    _printf_str                              0x00000767   Thumb Code    82  _printf_str.o(.text)
    _printf_int_dec                          0x000007b9   Thumb Code   104  _printf_dec.o(.text)
    _printf_charcount                        0x00000831   Thumb Code    40  _printf_charcount.o(.text)
    _printf_char_common                      0x00000863   Thumb Code    32  _printf_char_common.o(.text)
    _snputc                                  0x00000889   Thumb Code    16  _snputc.o(.text)
    _printf_wctomb                           0x00000899   Thumb Code   182  _printf_wctomb.o(.text)
    _printf_longlong_dec                     0x00000955   Thumb Code   108  _printf_longlong_dec.o(.text)
    _printf_longlong_oct                     0x000009d1   Thumb Code    68  _printf_oct_int_ll.o(.text)
    _printf_int_oct                          0x00000a15   Thumb Code    24  _printf_oct_int_ll.o(.text)
    _printf_ll_oct                           0x00000a2d   Thumb Code    12  _printf_oct_int_ll.o(.text)
    _printf_longlong_hex                     0x00000a41   Thumb Code    86  _printf_hex_int_ll_ptr.o(.text)
    _printf_int_hex                          0x00000a97   Thumb Code    28  _printf_hex_int_ll_ptr.o(.text)
    _printf_ll_hex                           0x00000ab3   Thumb Code    12  _printf_hex_int_ll_ptr.o(.text)
    _printf_hex_ptr                          0x00000abf   Thumb Code    18  _printf_hex_int_ll_ptr.o(.text)
    __printf                                 0x00000ad5   Thumb Code   388  __printf_flags_ss_wp.o(.text)
    _ll_udiv10                               0x00000c5d   Thumb Code   138  lludiv10.o(.text)
    _printf_int_common                       0x00000ce7   Thumb Code   178  _printf_intcommon.o(.text)
    _printf_fp_dec_real                      0x00000f49   Thumb Code   620  _printf_fp_dec.o(.text)
    _printf_fp_hex_real                      0x000011b5   Thumb Code   756  _printf_fp_hex.o(.text)
    _printf_cs_common                        0x000014b1   Thumb Code    20  _printf_char.o(.text)
    _printf_char                             0x000014c5   Thumb Code    16  _printf_char.o(.text)
    _printf_string                           0x000014d5   Thumb Code     8  _printf_char.o(.text)
    _printf_lcs_common                       0x000014dd   Thumb Code    20  _printf_wchar.o(.text)
    _printf_wchar                            0x000014f1   Thumb Code    16  _printf_wchar.o(.text)
    _printf_wstring                          0x00001501   Thumb Code     8  _printf_wchar.o(.text)
    _c16rtomb                                0x00001509   Thumb Code    72  _c16rtomb.o(.text)
    _wcrtomb                                 0x00001509   Thumb Code     0  _c16rtomb.o(.text)
    __user_setup_stackheap                   0x00001551   Thumb Code    74  sys_stackheap_outer.o(.text)
    __rt_ctype_table                         0x0000159d   Thumb Code    16  rt_ctype_table.o(.text)
    __rt_locale                              0x000015ad   Thumb Code     8  rt_locale_intlibspace.o(.text)
    _printf_fp_infnan                        0x000015b5   Thumb Code   112  _printf_fp_infnan.o(.text)
    _btod_etento                             0x00001635   Thumb Code   224  bigflt0.o(.text)
    exit                                     0x00001719   Thumb Code    18  exit.o(.text)
    __user_libspace                          0x0000172d   Thumb Code     8  libspace.o(.text)
    __user_perproc_libspace                  0x0000172d   Thumb Code     0  libspace.o(.text)
    __user_perthread_libspace                0x0000172d   Thumb Code     0  libspace.o(.text)
    strcmp                                   0x00001739   Thumb Code   124  strcmpv7em.o(.text)
    _sys_exit                                0x000017b5   Thumb Code     8  sys_exit.o(.text)
    __I$use$semihosting                      0x000017c1   Thumb Code     0  use_no_semi.o(.text)
    __use_no_semihosting_swi                 0x000017c1   Thumb Code     2  use_no_semi.o(.text)
    __semihosting_library_function           0x000017c3   Thumb Code     0  indicate_semi.o(.text)
    ADC_DEINIT                               0x000017c5   Thumb Code    72  adc.o(.text.ADC_DEINIT)
    ADC_INIT                                 0x0000180d   Thumb Code   168  adc.o(.text.ADC_INIT)
    ADC_READ                                 0x000018b9   Thumb Code   144  adc.o(.text.ADC_READ)
    ADC_TO_TEMP                              0x00001959   Thumb Code    48  adc.o(.text.ADC_TO_TEMP)
    BMP280_Init_Impl                         0x00001991   Thumb Code    80  bmp280.o(.text.BMP280_Init_Impl)
    BMP280_ReadPressure_Impl                 0x00001aa5   Thumb Code   544  bmp280.o(.text.BMP280_ReadPressure_Impl)
    BMP280_ReadTemperature_Impl              0x00001d7d   Thumb Code   136  bmp280.o(.text.BMP280_ReadTemperature_Impl)
    BMP280_WAIT_OVERSHOOT                    0x00001e4d   Thumb Code   132  bmp280.o(.text.BMP280_WAIT_OVERSHOOT)
    BMP_BUZZER_DRIVE                         0x00001ed1   Thumb Code    74  led_buzzer.o(.text.BMP_BUZZER_DRIVE)
    Buzzer_Close                             0x00001f1d   Thumb Code    66  led_buzzer.o(.text.Buzzer_Close)
    Buzzer_INIT                              0x00001f61   Thumb Code   182  led_buzzer.o(.text.Buzzer_INIT)
    Buzzer_Open                              0x00002019   Thumb Code    84  led_buzzer.o(.text.Buzzer_Open)
    COMP0_Handler                            0x00002079   Thumb Code    78  deep_sleep.o(.text.COMP0_Handler)
    ChangeGraphButtonInit                    0x000020c9   Thumb Code    88  led_buzzer.o(.text.ChangeGraphButtonInit)
    ChangeGraphButtonRead                    0x00002121   Thumb Code   652  led_buzzer.o(.text.ChangeGraphButtonRead)
    DEEP_SLEEP                               0x000023b1   Thumb Code   224  deep_sleep.o(.text.DEEP_SLEEP)
    DEEP_SLEEP_INIT                          0x00002491   Thumb Code    70  deep_sleep.o(.text.DEEP_SLEEP_INIT)
    DelayMs                                  0x000024d9   Thumb Code    46  led_buzzer.o(.text.DelayMs)
    GPIOD_Handler                            0x00002509   Thumb Code   178  keypad.o(.text.GPIOD_Handler)
    I2C0_Deinit                              0x0000284d   Thumb Code   114  i2c.o(.text.I2C0_Deinit)
    I2C0_Init                                0x000028c1   Thumb Code   156  i2c.o(.text.I2C0_Init)
    I2C0_ReadMulti                           0x0000295d   Thumb Code   290  i2c.o(.text.I2C0_ReadMulti)
    I2C0_WriteByte                           0x00002a95   Thumb Code   120  i2c.o(.text.I2C0_WriteByte)
    IntToStr                                 0x00002b0d   Thumb Code   228  lcd.o(.text.IntToStr)
    LM35_AC0_DeInit                          0x00002c19   Thumb Code   120  deep_sleep.o(.text.LM35_AC0_DeInit)
    LM35_AC0_Init                            0x00002c91   Thumb Code   172  deep_sleep.o(.text.LM35_AC0_Init)
    LM35_THRESHOLD_READ                      0x00002d3d   Thumb Code    16  adc.o(.text.LM35_THRESHOLD_READ)
    Nokia5110_Clear                          0x00002d4d   Thumb Code    60  lcd.o(.text.Nokia5110_Clear)
    Nokia5110_ClearBuffer                    0x00002d89   Thumb Code    46  lcd.o(.text.Nokia5110_ClearBuffer)
    Nokia5110_DisplayBuffer                  0x00002db9   Thumb Code    16  lcd.o(.text.Nokia5110_DisplayBuffer)
    Nokia5110_DrawFullImage                  0x00002dc9   Thumb Code    58  lcd.o(.text.Nokia5110_DrawFullImage)
    Nokia5110_Init                           0x00002e05   Thumb Code   294  lcd.o(.text.Nokia5110_Init)
    Nokia5110_OutChar                        0x00002f2d   Thumb Code    86  lcd.o(.text.Nokia5110_OutChar)
    Nokia5110_OutString                      0x00002f85   Thumb Code   164  lcd.o(.text.Nokia5110_OutString)
    Nokia5110_SetCursor                      0x00003029   Thumb Code    76  lcd.o(.text.Nokia5110_SetCursor)
    Nokia5110_SetPxl                         0x00003075   Thumb Code    66  lcd.o(.text.Nokia5110_SetPxl)
    OnBoardLedClose                          0x000030b9   Thumb Code   114  led_buzzer.o(.text.OnBoardLedClose)
    OnBoardLedINIT                           0x0000312d   Thumb Code   104  led_buzzer.o(.text.OnBoardLedINIT)
    OnBoardLedOpen                           0x00003195   Thumb Code    86  led_buzzer.o(.text.OnBoardLedOpen)
    POWER_LED_OFF                            0x000031ed   Thumb Code    88  deep_sleep.o(.text.POWER_LED_OFF)
    POWER_LED_ON                             0x00003245   Thumb Code    88  deep_sleep.o(.text.POWER_LED_ON)
    RADAR_DISABLE                            0x0000329d   Thumb Code    24  radar.o(.text.RADAR_DISABLE)
    RADAR_ENABLE                             0x000032b5   Thumb Code   756  radar.o(.text.RADAR_ENABLE)
    RADAR_GPIO_ENABLE                        0x000035bd   Thumb Code   120  radar.o(.text.RADAR_GPIO_ENABLE)
    Run_Motor                                0x00003635   Thumb Code   152  radar.o(.text.Run_Motor)
    SysTick_Handler                          0x000036cd   Thumb Code    54  radar.o(.text.SysTick_Handler)
    SysTick_INIT                             0x00003705   Thumb Code    42  systick_init.o(.text.SysTick_INIT)
    SystemInit                               0x00003731   Thumb Code    18  system_tm4c123.o(.text.SystemInit)
    TIMER0A_Handler                          0x00003745   Thumb Code   102  hcsr04.o(.text.TIMER0A_Handler)
    TIMER1A_Handler                          0x000037ad   Thumb Code    52  led_buzzer.o(.text.TIMER1A_Handler)
    WAKE_UP                                  0x000037e1   Thumb Code   134  deep_sleep.o(.text.WAKE_UP)
    drawDistanceVsAngle                      0x000039e9   Thumb Code   356  lcd.o(.text.drawDistanceVsAngle)
    lcdwrite                                 0x00003e9d   Thumb Code   144  lcd.o(.text.lcdwrite)
    main                                     0x00003f2d   Thumb Code   108  main.o(.text.main)
    mapValue                                 0x00003f99   Thumb Code    84  lcd.o(.text.mapValue)
    _btod_d2e                                0x000042f1   Thumb Code    62  btod.o(CL$$btod_d2e)
    _d2e_denorm_low                          0x0000432f   Thumb Code    70  btod.o(CL$$btod_d2e_denorm_low)
    _d2e_norm_op1                            0x00004375   Thumb Code    96  btod.o(CL$$btod_d2e_norm_op1)
    __btod_div_common                        0x000043d5   Thumb Code   696  btod.o(CL$$btod_div_common)
    _e2e                                     0x0000470d   Thumb Code   220  btod.o(CL$$btod_e2e)
    _btod_ediv                               0x000047e9   Thumb Code    42  btod.o(CL$$btod_ediv)
    _btod_emul                               0x00004813   Thumb Code    42  btod.o(CL$$btod_emul)
    __btod_mult_common                       0x0000483d   Thumb Code   580  btod.o(CL$$btod_mult_common)
    KEYPAD_Read_ASM                          0x00004a81   Thumb Code     0  keypad_1.o(KEYPAD)
    __ARM_fpclassify                         0x00004b51   Thumb Code    48  fpclassify.o(i.__ARM_fpclassify)
    _is_digit                                0x00004b81   Thumb Code    14  __printf_wp.o(i._is_digit)
    _get_lc_numeric                          0x00004b91   Thumb Code    44  lc_numeric_c.o(locale$$code)
    _get_lc_ctype                            0x00004bbd   Thumb Code    44  lc_ctype_c.o(locale$$code)
    __aeabi_d2f                              0x00004be9   Thumb Code     0  d2f.o(x$fpl$d2f)
    _d2f                                     0x00004be9   Thumb Code    98  d2f.o(x$fpl$d2f)
    __aeabi_dadd                             0x00004c4d   Thumb Code     0  daddsub_clz.o(x$fpl$dadd)
    _dadd                                    0x00004c4d   Thumb Code   332  daddsub_clz.o(x$fpl$dadd)
    __aeabi_ddiv                             0x00004d9d   Thumb Code     0  ddiv.o(x$fpl$ddiv)
    _ddiv                                    0x00004d9d   Thumb Code   560  ddiv.o(x$fpl$ddiv)
    __aeabi_d2iz                             0x00005055   Thumb Code     0  dfix.o(x$fpl$dfix)
    _dfix                                    0x00005055   Thumb Code    94  dfix.o(x$fpl$dfix)
    __aeabi_i2d                              0x000050b3   Thumb Code     0  dflt_clz.o(x$fpl$dflt)
    _dflt                                    0x000050b3   Thumb Code    46  dflt_clz.o(x$fpl$dflt)
    __aeabi_dmul                             0x000050e1   Thumb Code     0  dmul.o(x$fpl$dmul)
    _dmul                                    0x000050e1   Thumb Code   332  dmul.o(x$fpl$dmul)
    __fpl_dnaninf                            0x00005235   Thumb Code   156  dnaninf.o(x$fpl$dnaninf)
    __fpl_dretinf                            0x000052d1   Thumb Code    12  dretinf.o(x$fpl$dretinf)
    __aeabi_dsub                             0x000052dd   Thumb Code     0  daddsub_clz.o(x$fpl$dsub)
    _dsub                                    0x000052dd   Thumb Code   472  daddsub_clz.o(x$fpl$dsub)
    __aeabi_f2d                              0x000054b9   Thumb Code     0  f2d.o(x$fpl$f2d)
    _f2d                                     0x000054b9   Thumb Code    86  f2d.o(x$fpl$f2d)
    __fpl_fnaninf                            0x0000550f   Thumb Code   140  fnaninf.o(x$fpl$fnaninf)
    _fp_init                                 0x0000559b   Thumb Code    26  fpinit.o(x$fpl$fpinit)
    __fplib_config_fpu_vfp                   0x000055b3   Thumb Code     0  fpinit.o(x$fpl$fpinit)
    __fplib_config_pureend_doubles           0x000055b3   Thumb Code     0  fpinit.o(x$fpl$fpinit)
    __fpl_fretinf                            0x000055b5   Thumb Code    10  fretinf.o(x$fpl$fretinf)
    _printf_fp_dec                           0x000055bf   Thumb Code     4  printf1.o(x$fpl$printf1)
    _printf_fp_hex                           0x000055c3   Thumb Code     4  printf2.o(x$fpl$printf2)
    __I$use$fp                               0x000055c6   Number         0  usenofp.o(x$fpl$usenofp)
    ASCII                                    0x000056c4   Data         480  lcd.o(.rodata.ASCII)
    bmp280                                   0x000058a4   Data           4  bmp280.o(.rodata.bmp280)
    cos_values                               0x000058a8   Data         724  lcd.o(.rodata.cos_values)
    hcsr04                                   0x00005b7c   Data           4  hcsr04.o(.rodata.hcsr04)
    keypad                                   0x00005b80   Data           4  keypad.o(.rodata.keypad)
    radar                                    0x00005b84   Data           4  radar.o(.rodata.radar)
    sin_values                               0x00005b88   Data         724  lcd.o(.rodata.sin_values)
    Region$$Table$$Base                      0x00005ecc   Number         0  anon$$obj.o(Region$$Table)
    Region$$Table$$Limit                     0x00005eec   Number         0  anon$$obj.o(Region$$Table)
    __ctype                                  0x00005f15   Data           0  lc_ctype_c.o(locale$$data)
    SHT$$INIT_ARRAY$$Base                    0x00006018   Number         0  bmp280.o(.init_array)
    SHT$$INIT_ARRAY$$Limit                   0x00006024   Number         0  init_aeabi.o(.init_array)
    LM35_THRESHOLD                           0x20000004   Data           4  deep_sleep.o(.data.LM35_THRESHOLD)
    delay                                    0x20000038   Data           4  radar.o(.data.delay)
    numberReturn                             0x20000098   Data           4  keypad.o(.data.numberReturn)
    radar_instance                           0x2000009c   Data        1448  radar.o(.data.radar_instance)
    __libspace_start                         0x20000648   Data          96  libspace.o(.bss)
    __temporary_stack_top$libspace           0x200006a8   Data           0  libspace.o(.bss)
    LM35_THRESHOLD_BUFFER                    0x200006a9   Data          20  deep_sleep.o(.bss.LM35_THRESHOLD_BUFFER)
    ms_ticks                                 0x200008d0   Data           4  radar.o(.bss.ms_ticks)
    result                                   0x200008d4   Data          20  keypad.o(.bss.result)
    step_flag                                0x200008e8   Data           4  radar.o(.bss.step_flag)



==============================================================================

Memory Map of the image

  Image Entry point : 0x00000409

  Load Region LR_1 (Base: 0x00000000, Size: 0x00006668, Max: 0xffffffff, ABSOLUTE, COMPRESSED[0x00006054])

    Execution Region ER_RO (Exec base: 0x00000000, Load base: 0x00000000, Size: 0x00006024, Max: 0xffffffff, ABSOLUTE)

    Exec Addr    Load Addr    Size         Type   Attr      Idx    E Section Name        Object

    0x00000000   0x00000000   0x0000026c   Data   RO          273    RESET               startup_tm4c123.o
    0x0000026c   0x0000026c   0x00000008   Code   RO          300  * !!!main             c_w.l(__main.o)
    0x00000274   0x00000274   0x0000005c   Code   RO          695    !!!scatter          c_w.l(__scatter.o)
    0x000002d0   0x000002d0   0x0000003a   Code   RO          693    !!dczerorl          c_w.l(__dczerorl.o)
    0x0000030a   0x0000030a   0x00000002   PAD
    0x0000030c   0x0000030c   0x00000002   Code   RO          696    !!handler_null      c_w.l(__scatter.o)
    0x0000030e   0x0000030e   0x00000002   PAD
    0x00000310   0x00000310   0x0000001c   Code   RO          699    !!handler_zi        c_w.l(__scatter_zi.o)
    0x0000032c   0x0000032c   0x00000000   Code   RO          422    .ARM.Collect$$_printf_percent$$00000000  c_w.l(_printf_percent.o)
    0x0000032c   0x0000032c   0x00000006   Code   RO          411    .ARM.Collect$$_printf_percent$$00000001  c_w.l(_printf_n.o)
    0x00000332   0x00000332   0x00000006   Code   RO          413    .ARM.Collect$$_printf_percent$$00000002  c_w.l(_printf_p.o)
    0x00000338   0x00000338   0x00000006   Code   RO          418    .ARM.Collect$$_printf_percent$$00000003  c_w.l(_printf_f.o)
    0x0000033e   0x0000033e   0x00000006   Code   RO          419    .ARM.Collect$$_printf_percent$$00000004  c_w.l(_printf_e.o)
    0x00000344   0x00000344   0x00000006   Code   RO          420    .ARM.Collect$$_printf_percent$$00000005  c_w.l(_printf_g.o)
    0x0000034a   0x0000034a   0x00000006   Code   RO          421    .ARM.Collect$$_printf_percent$$00000006  c_w.l(_printf_a.o)
    0x00000350   0x00000350   0x0000000a   Code   RO          426    .ARM.Collect$$_printf_percent$$00000007  c_w.l(_printf_ll.o)
    0x0000035a   0x0000035a   0x00000006   Code   RO          415    .ARM.Collect$$_printf_percent$$00000008  c_w.l(_printf_i.o)
    0x00000360   0x00000360   0x00000006   Code   RO          416    .ARM.Collect$$_printf_percent$$00000009  c_w.l(_printf_d.o)
    0x00000366   0x00000366   0x00000006   Code   RO          417    .ARM.Collect$$_printf_percent$$0000000A  c_w.l(_printf_u.o)
    0x0000036c   0x0000036c   0x00000006   Code   RO          414    .ARM.Collect$$_printf_percent$$0000000B  c_w.l(_printf_o.o)
    0x00000372   0x00000372   0x00000006   Code   RO          412    .ARM.Collect$$_printf_percent$$0000000C  c_w.l(_printf_x.o)
    0x00000378   0x00000378   0x00000006   Code   RO          423    .ARM.Collect$$_printf_percent$$0000000D  c_w.l(_printf_lli.o)
    0x0000037e   0x0000037e   0x00000006   Code   RO          424    .ARM.Collect$$_printf_percent$$0000000E  c_w.l(_printf_lld.o)
    0x00000384   0x00000384   0x00000006   Code   RO          425    .ARM.Collect$$_printf_percent$$0000000F  c_w.l(_printf_llu.o)
    0x0000038a   0x0000038a   0x00000006   Code   RO          430    .ARM.Collect$$_printf_percent$$00000010  c_w.l(_printf_llo.o)
    0x00000390   0x00000390   0x00000006   Code   RO          431    .ARM.Collect$$_printf_percent$$00000011  c_w.l(_printf_llx.o)
    0x00000396   0x00000396   0x0000000a   Code   RO          427    .ARM.Collect$$_printf_percent$$00000012  c_w.l(_printf_l.o)
    0x000003a0   0x000003a0   0x00000006   Code   RO          409    .ARM.Collect$$_printf_percent$$00000013  c_w.l(_printf_c.o)
    0x000003a6   0x000003a6   0x00000006   Code   RO          410    .ARM.Collect$$_printf_percent$$00000014  c_w.l(_printf_s.o)
    0x000003ac   0x000003ac   0x00000006   Code   RO          428    .ARM.Collect$$_printf_percent$$00000015  c_w.l(_printf_lc.o)
    0x000003b2   0x000003b2   0x00000006   Code   RO          429    .ARM.Collect$$_printf_percent$$00000016  c_w.l(_printf_ls.o)
    0x000003b8   0x000003b8   0x00000004   Code   RO          534    .ARM.Collect$$_printf_percent$$00000017  c_w.l(_printf_percent_end.o)
    0x000003bc   0x000003bc   0x00000002   Code   RO          597    .ARM.Collect$$libinit$$00000000  c_w.l(libinit.o)
    0x000003be   0x000003be   0x00000004   Code   RO          432    .ARM.Collect$$libinit$$00000001  c_w.l(libinit2.o)
    0x000003c2   0x000003c2   0x00000000   Code   RO          435    .ARM.Collect$$libinit$$00000004  c_w.l(libinit2.o)
    0x000003c2   0x000003c2   0x00000000   Code   RO          437    .ARM.Collect$$libinit$$00000006  c_w.l(libinit2.o)
    0x000003c2   0x000003c2   0x00000000   Code   RO          440    .ARM.Collect$$libinit$$0000000C  c_w.l(libinit2.o)
    0x000003c2   0x000003c2   0x00000000   Code   RO          442    .ARM.Collect$$libinit$$0000000E  c_w.l(libinit2.o)
    0x000003c2   0x000003c2   0x00000000   Code   RO          444    .ARM.Collect$$libinit$$00000010  c_w.l(libinit2.o)
    0x000003c2   0x000003c2   0x00000006   Code   RO          445    .ARM.Collect$$libinit$$00000011  c_w.l(libinit2.o)
    0x000003c8   0x000003c8   0x00000000   Code   RO          447    .ARM.Collect$$libinit$$00000013  c_w.l(libinit2.o)
    0x000003c8   0x000003c8   0x0000000c   Code   RO          448    .ARM.Collect$$libinit$$00000014  c_w.l(libinit2.o)
    0x000003d4   0x000003d4   0x00000000   Code   RO          449    .ARM.Collect$$libinit$$00000015  c_w.l(libinit2.o)
    0x000003d4   0x000003d4   0x00000000   Code   RO          451    .ARM.Collect$$libinit$$00000017  c_w.l(libinit2.o)
    0x000003d4   0x000003d4   0x0000000a   Code   RO          452    .ARM.Collect$$libinit$$00000018  c_w.l(libinit2.o)
    0x000003de   0x000003de   0x00000000   Code   RO          453    .ARM.Collect$$libinit$$00000019  c_w.l(libinit2.o)
    0x000003de   0x000003de   0x00000000   Code   RO          455    .ARM.Collect$$libinit$$0000001B  c_w.l(libinit2.o)
    0x000003de   0x000003de   0x00000000   Code   RO          457    .ARM.Collect$$libinit$$0000001D  c_w.l(libinit2.o)
    0x000003de   0x000003de   0x00000000   Code   RO          459    .ARM.Collect$$libinit$$0000001F  c_w.l(libinit2.o)
    0x000003de   0x000003de   0x00000000   Code   RO          461    .ARM.Collect$$libinit$$00000021  c_w.l(libinit2.o)
    0x000003de   0x000003de   0x00000000   Code   RO          463    .ARM.Collect$$libinit$$00000023  c_w.l(libinit2.o)
    0x000003de   0x000003de   0x00000000   Code   RO          465    .ARM.Collect$$libinit$$00000025  c_w.l(libinit2.o)
    0x000003de   0x000003de   0x00000000   Code   RO          467    .ARM.Collect$$libinit$$00000027  c_w.l(libinit2.o)
    0x000003de   0x000003de   0x00000000   Code   RO          471    .ARM.Collect$$libinit$$0000002E  c_w.l(libinit2.o)
    0x000003de   0x000003de   0x00000000   Code   RO          473    .ARM.Collect$$libinit$$00000030  c_w.l(libinit2.o)
    0x000003de   0x000003de   0x00000000   Code   RO          475    .ARM.Collect$$libinit$$00000032  c_w.l(libinit2.o)
    0x000003de   0x000003de   0x00000004   Code   RO          476    .ARM.Collect$$libinit$$00000033  c_w.l(libinit2.o)
    0x000003e2   0x000003e2   0x00000000   Code   RO          477    .ARM.Collect$$libinit$$00000034  c_w.l(libinit2.o)
    0x000003e2   0x000003e2   0x00000002   Code   RO          478    .ARM.Collect$$libinit$$00000035  c_w.l(libinit2.o)
    0x000003e4   0x000003e4   0x00000002   Code   RO          660    .ARM.Collect$$libshutdown$$00000000  c_w.l(libshutdown.o)
    0x000003e6   0x000003e6   0x00000000   Code   RO          676    .ARM.Collect$$libshutdown$$00000002  c_w.l(libshutdown2.o)
    0x000003e6   0x000003e6   0x00000000   Code   RO          678    .ARM.Collect$$libshutdown$$00000004  c_w.l(libshutdown2.o)
    0x000003e6   0x000003e6   0x00000000   Code   RO          681    .ARM.Collect$$libshutdown$$00000007  c_w.l(libshutdown2.o)
    0x000003e6   0x000003e6   0x00000000   Code   RO          684    .ARM.Collect$$libshutdown$$0000000A  c_w.l(libshutdown2.o)
    0x000003e6   0x000003e6   0x00000000   Code   RO          686    .ARM.Collect$$libshutdown$$0000000C  c_w.l(libshutdown2.o)
    0x000003e6   0x000003e6   0x00000000   Code   RO          689    .ARM.Collect$$libshutdown$$0000000F  c_w.l(libshutdown2.o)
    0x000003e6   0x000003e6   0x00000002   Code   RO          690    .ARM.Collect$$libshutdown$$00000010  c_w.l(libshutdown2.o)
    0x000003e8   0x000003e8   0x00000000   Code   RO          334    .ARM.Collect$$rtentry$$00000000  c_w.l(__rtentry.o)
    0x000003e8   0x000003e8   0x00000000   Code   RO          501    .ARM.Collect$$rtentry$$00000002  c_w.l(__rtentry2.o)
    0x000003e8   0x000003e8   0x00000006   Code   RO          513    .ARM.Collect$$rtentry$$00000004  c_w.l(__rtentry4.o)
    0x000003ee   0x000003ee   0x00000000   Code   RO          503    .ARM.Collect$$rtentry$$00000009  c_w.l(__rtentry2.o)
    0x000003ee   0x000003ee   0x00000004   Code   RO          504    .ARM.Collect$$rtentry$$0000000A  c_w.l(__rtentry2.o)
    0x000003f2   0x000003f2   0x00000000   Code   RO          506    .ARM.Collect$$rtentry$$0000000C  c_w.l(__rtentry2.o)
    0x000003f2   0x000003f2   0x00000008   Code   RO          507    .ARM.Collect$$rtentry$$0000000D  c_w.l(__rtentry2.o)
    0x000003fa   0x000003fa   0x00000002   Code   RO          609    .ARM.Collect$$rtexit$$00000000  c_w.l(rtexit.o)
    0x000003fc   0x000003fc   0x00000000   Code   RO          638    .ARM.Collect$$rtexit$$00000002  c_w.l(rtexit2.o)
    0x000003fc   0x000003fc   0x00000004   Code   RO          639    .ARM.Collect$$rtexit$$00000003  c_w.l(rtexit2.o)
    0x00000400   0x00000400   0x00000006   Code   RO          640    .ARM.Collect$$rtexit$$00000004  c_w.l(rtexit2.o)
    0x00000406   0x00000406   0x00000002   PAD
    0x00000408   0x00000408   0x00000114   Code   RO          274  * .text               startup_tm4c123.o
    0x0000051c   0x0000051c   0x00000074   Code   RO          294    .text               c_w.l(llsdiv.o)
    0x00000590   0x00000590   0x00000040   Code   RO          296    .text               c_w.l(snprintf.o)
    0x000005d0   0x000005d0   0x00000006   Code   RO          298    .text               c_w.l(heapauxi.o)
    0x000005d6   0x000005d6   0x00000002   PAD
    0x000005d8   0x000005d8   0x0000002c   Code   RO          305    .text               c_w.l(init_aeabi.o)
    0x00000604   0x00000604   0x000000f0   Code   RO          339    .text               c_w.l(lludivv7m.o)
    0x000006f4   0x000006f4   0x0000004e   Code   RO          343    .text               c_w.l(_printf_pad.o)
    0x00000742   0x00000742   0x00000024   Code   RO          345    .text               c_w.l(_printf_truncate.o)
    0x00000766   0x00000766   0x00000052   Code   RO          347    .text               c_w.l(_printf_str.o)
    0x000007b8   0x000007b8   0x00000078   Code   RO          349    .text               c_w.l(_printf_dec.o)
    0x00000830   0x00000830   0x00000028   Code   RO          351    .text               c_w.l(_printf_charcount.o)
    0x00000858   0x00000858   0x00000030   Code   RO          353    .text               c_w.l(_printf_char_common.o)
    0x00000888   0x00000888   0x00000010   Code   RO          355    .text               c_w.l(_snputc.o)
    0x00000898   0x00000898   0x000000bc   Code   RO          357    .text               c_w.l(_printf_wctomb.o)
    0x00000954   0x00000954   0x0000007c   Code   RO          360    .text               c_w.l(_printf_longlong_dec.o)
    0x000009d0   0x000009d0   0x00000070   Code   RO          366    .text               c_w.l(_printf_oct_int_ll.o)
    0x00000a40   0x00000a40   0x00000094   Code   RO          386    .text               c_w.l(_printf_hex_int_ll_ptr.o)
    0x00000ad4   0x00000ad4   0x00000188   Code   RO          406    .text               c_w.l(__printf_flags_ss_wp.o)
    0x00000c5c   0x00000c5c   0x0000008a   Code   RO          517    .text               c_w.l(lludiv10.o)
    0x00000ce6   0x00000ce6   0x000000b2   Code   RO          519    .text               c_w.l(_printf_intcommon.o)
    0x00000d98   0x00000d98   0x0000041c   Code   RO          521    .text               c_w.l(_printf_fp_dec.o)
    0x000011b4   0x000011b4   0x000002fc   Code   RO          525    .text               c_w.l(_printf_fp_hex.o)
    0x000014b0   0x000014b0   0x0000002c   Code   RO          530    .text               c_w.l(_printf_char.o)
    0x000014dc   0x000014dc   0x0000002c   Code   RO          532    .text               c_w.l(_printf_wchar.o)
    0x00001508   0x00001508   0x00000048   Code   RO          535    .text               c_w.l(_c16rtomb.o)
    0x00001550   0x00001550   0x0000004a   Code   RO          541    .text               c_w.l(sys_stackheap_outer.o)
    0x0000159a   0x0000159a   0x00000002   PAD
    0x0000159c   0x0000159c   0x00000010   Code   RO          543    .text               c_w.l(rt_ctype_table.o)
    0x000015ac   0x000015ac   0x00000008   Code   RO          548    .text               c_w.l(rt_locale_intlibspace.o)
    0x000015b4   0x000015b4   0x00000080   Code   RO          550    .text               c_w.l(_printf_fp_infnan.o)
    0x00001634   0x00001634   0x000000e4   Code   RO          552    .text               c_w.l(bigflt0.o)
    0x00001718   0x00001718   0x00000012   Code   RO          582    .text               c_w.l(exit.o)
    0x0000172a   0x0000172a   0x00000002   PAD
    0x0000172c   0x0000172c   0x00000008   Code   RO          606    .text               c_w.l(libspace.o)
    0x00001734   0x00001734   0x00000004   PAD
    0x00001738   0x00001738   0x0000007c   Code   RO          628    .text               c_w.l(strcmpv7em.o)
    0x000017b4   0x000017b4   0x0000000c   Code   RO          630    .text               c_w.l(sys_exit.o)
    0x000017c0   0x000017c0   0x00000002   Code   RO          634    .text               c_w.l(use_no_semi.o)
    0x000017c2   0x000017c2   0x00000000   Code   RO          636    .text               c_w.l(indicate_semi.o)
    0x000017c2   0x000017c2   0x00000002   PAD
    0x000017c4   0x000017c4   0x00000048   Code   RO          257    .text.ADC_DEINIT    adc.o
    0x0000180c   0x0000180c   0x000000a8   Code   RO          255    .text.ADC_INIT      adc.o
    0x000018b4   0x000018b4   0x00000004   PAD
    0x000018b8   0x000018b8   0x000000a0   Code   RO          259    .text.ADC_READ      adc.o
    0x00001958   0x00001958   0x00000030   Code   RO          261    .text.ADC_TO_TEMP   adc.o
    0x00001988   0x00001988   0x00000008   Code   RO          129    .text.BMP280_Deinit_Impl  bmp280.o
    0x00001990   0x00001990   0x00000050   Code   RO          119    .text.BMP280_Init_Impl  bmp280.o
    0x000019e0   0x000019e0   0x000000c4   Code   RO          121    .text.BMP280_ReadCalibration  bmp280.o
    0x00001aa4   0x00001aa4   0x00000220   Code   RO          125    .text.BMP280_ReadPressure_Impl  bmp280.o
    0x00001cc4   0x00001cc4   0x00000004   PAD
    0x00001cc8   0x00001cc8   0x000000b4   Code   RO          131    .text.BMP280_ReadTemperatureAvg_Impl  bmp280.o
    0x00001d7c   0x00001d7c   0x00000088   Code   RO          123    .text.BMP280_ReadTemperature_Impl  bmp280.o
    0x00001e04   0x00001e04   0x00000046   Code   RO          127    .text.BMP280_SetupPointers  bmp280.o
    0x00001e4a   0x00001e4a   0x00000002   PAD
    0x00001e4c   0x00001e4c   0x00000084   Code   RO          117    .text.BMP280_WAIT_OVERSHOOT  bmp280.o
    0x00001ed0   0x00001ed0   0x0000004a   Code   RO          231    .text.BMP_BUZZER_DRIVE  led_buzzer.o
    0x00001f1a   0x00001f1a   0x00000002   PAD
    0x00001f1c   0x00001f1c   0x00000042   Code   RO          237    .text.Buzzer_Close  led_buzzer.o
    0x00001f5e   0x00001f5e   0x00000002   PAD
    0x00001f60   0x00001f60   0x000000b6   Code   RO          229    .text.Buzzer_INIT   led_buzzer.o
    0x00002016   0x00002016   0x00000002   PAD
    0x00002018   0x00002018   0x00000060   Code   RO          233    .text.Buzzer_Open   led_buzzer.o
    0x00002078   0x00002078   0x0000004e   Code   RO           15    .text.COMP0_Handler  deep_sleep.o
    0x000020c6   0x000020c6   0x00000002   PAD
    0x000020c8   0x000020c8   0x00000058   Code   RO          241    .text.ChangeGraphButtonInit  led_buzzer.o
    0x00002120   0x00002120   0x00000290   Code   RO          243    .text.ChangeGraphButtonRead  led_buzzer.o
    0x000023b0   0x000023b0   0x000000e0   Code   RO           27    .text.DEEP_SLEEP    deep_sleep.o
    0x00002490   0x00002490   0x00000046   Code   RO           23    .text.DEEP_SLEEP_INIT  deep_sleep.o
    0x000024d6   0x000024d6   0x00000002   PAD
    0x000024d8   0x000024d8   0x0000002e   Code   RO          235    .text.DelayMs       led_buzzer.o
    0x00002506   0x00002506   0x00000002   PAD
    0x00002508   0x00002508   0x000000b2   Code   RO          164    .text.GPIOD_Handler  keypad.o
    0x000025ba   0x000025ba   0x00000002   PAD
    0x000025bc   0x000025bc   0x00000092   Code   RO          199    .text.HCSR04_Deinit_Impl  hcsr04.o
    0x0000264e   0x0000264e   0x00000002   PAD
    0x00002650   0x00002650   0x0000002c   Code   RO          195    .text.HCSR04_Init_Impl  hcsr04.o
    0x0000267c   0x0000267c   0x000001a8   Code   RO          197    .text.HCSR04_Read_Impl  hcsr04.o
    0x00002824   0x00002824   0x00000028   Code   RO          193    .text.HCSR04_SetupPointers  hcsr04.o
    0x0000284c   0x0000284c   0x00000072   Code   RO          155    .text.I2C0_Deinit   i2c.o
    0x000028be   0x000028be   0x00000002   PAD
    0x000028c0   0x000028c0   0x0000009c   Code   RO          145    .text.I2C0_Init     i2c.o
    0x0000295c   0x0000295c   0x00000122   Code   RO          153    .text.I2C0_ReadMulti  i2c.o
    0x00002a7e   0x00002a7e   0x00000002   PAD
    0x00002a80   0x00002a80   0x00000014   Code   RO          149    .text.I2C0_WaitWhileBusy  i2c.o
    0x00002a94   0x00002a94   0x00000078   Code   RO          147    .text.I2C0_WriteByte  i2c.o
    0x00002b0c   0x00002b0c   0x000000e4   Code   RO           58    .text.IntToStr      lcd.o
    0x00002bf0   0x00002bf0   0x00000028   Code   RO          166    .text.KEYPAD_Setup_Pointers  keypad.o
    0x00002c18   0x00002c18   0x00000078   Code   RO           13    .text.LM35_AC0_DeInit  deep_sleep.o
    0x00002c90   0x00002c90   0x000000ac   Code   RO           11    .text.LM35_AC0_Init  deep_sleep.o
    0x00002d3c   0x00002d3c   0x00000010   Code   RO          263    .text.LM35_THRESHOLD_READ  adc.o
    0x00002d4c   0x00002d4c   0x0000003c   Code   RO           50    .text.Nokia5110_Clear  lcd.o
    0x00002d88   0x00002d88   0x0000002e   Code   RO           64    .text.Nokia5110_ClearBuffer  lcd.o
    0x00002db6   0x00002db6   0x00000002   PAD
    0x00002db8   0x00002db8   0x00000010   Code   RO           62    .text.Nokia5110_DisplayBuffer  lcd.o
    0x00002dc8   0x00002dc8   0x0000003a   Code   RO           60    .text.Nokia5110_DrawFullImage  lcd.o
    0x00002e02   0x00002e02   0x00000002   PAD
    0x00002e04   0x00002e04   0x00000126   Code   RO           44    .text.Nokia5110_Init  lcd.o
    0x00002f2a   0x00002f2a   0x00000002   PAD
    0x00002f2c   0x00002f2c   0x00000056   Code   RO           54    .text.Nokia5110_OutChar  lcd.o
    0x00002f82   0x00002f82   0x00000002   PAD
    0x00002f84   0x00002f84   0x000000a4   Code   RO           56    .text.Nokia5110_OutString  lcd.o
    0x00003028   0x00003028   0x0000004c   Code   RO           52    .text.Nokia5110_SetCursor  lcd.o
    0x00003074   0x00003074   0x00000042   Code   RO           66    .text.Nokia5110_SetPxl  lcd.o
    0x000030b6   0x000030b6   0x00000002   PAD
    0x000030b8   0x000030b8   0x00000072   Code   RO          227    .text.OnBoardLedClose  led_buzzer.o
    0x0000312a   0x0000312a   0x00000002   PAD
    0x0000312c   0x0000312c   0x00000068   Code   RO          223    .text.OnBoardLedINIT  led_buzzer.o
    0x00003194   0x00003194   0x00000056   Code   RO          225    .text.OnBoardLedOpen  led_buzzer.o
    0x000031ea   0x000031ea   0x00000002   PAD
    0x000031ec   0x000031ec   0x00000058   Code   RO           19    .text.POWER_LED_OFF  deep_sleep.o
    0x00003244   0x00003244   0x00000058   Code   RO           17    .text.POWER_LED_ON  deep_sleep.o
    0x0000329c   0x0000329c   0x00000018   Code   RO           91    .text.RADAR_DISABLE  radar.o
    0x000032b4   0x000032b4   0x00000308   Code   RO           93    .text.RADAR_ENABLE  radar.o
    0x000035bc   0x000035bc   0x00000078   Code   RO           87    .text.RADAR_GPIO_ENABLE  radar.o
    0x00003634   0x00003634   0x00000098   Code   RO           89    .text.Run_Motor     radar.o
    0x000036cc   0x000036cc   0x00000036   Code   RO           85    .text.SysTick_Handler  radar.o
    0x00003702   0x00003702   0x00000002   PAD
    0x00003704   0x00003704   0x0000002a   Code   RO          109    .text.SysTick_INIT  systick_init.o
    0x0000372e   0x0000372e   0x00000002   PAD
    0x00003730   0x00003730   0x00000012   Code   RO          283    .text.SystemInit    system_tm4c123.o
    0x00003742   0x00003742   0x00000002   PAD
    0x00003744   0x00003744   0x00000066   Code   RO          201    .text.TIMER0A_Handler  hcsr04.o
    0x000037aa   0x000037aa   0x00000002   PAD
    0x000037ac   0x000037ac   0x00000034   Code   RO          239    .text.TIMER1A_Handler  led_buzzer.o
    0x000037e0   0x000037e0   0x00000086   Code   RO           21    .text.WAKE_UP       deep_sleep.o
    0x00003866   0x00003866   0x00000002   PAD
    0x00003868   0x00003868   0x0000002e   Code   RO          209    .text.changeTimerBToNegEdge  hcsr04.o
    0x00003896   0x00003896   0x00000002   PAD
    0x00003898   0x00003898   0x00000026   Code   RO          211    .text.changeTimerBToPosEdge  hcsr04.o
    0x000038be   0x000038be   0x00000002   PAD
    0x000038c0   0x000038c0   0x00000128   Code   RO          172    .text.deinit        keypad.o
    0x000039e8   0x000039e8   0x00000170   Code   RO           72    .text.drawDistanceVsAngle  lcd.o
    0x00003b58   0x00003b58   0x0000018a   Code   RO          168    .text.initGPIO      keypad.o
    0x00003ce2   0x00003ce2   0x00000002   PAD
    0x00003ce4   0x00003ce4   0x000000ee   Code   RO          203    .text.initGPIO      hcsr04.o
    0x00003dd2   0x00003dd2   0x00000002   PAD
    0x00003dd4   0x00003dd4   0x000000c8   Code   RO          205    .text.initTimer     hcsr04.o
    0x00003e9c   0x00003e9c   0x00000090   Code   RO           46    .text.lcdwrite      lcd.o
    0x00003f2c   0x00003f2c   0x0000006c   Code   RO            2    .text.main          main.o
    0x00003f98   0x00003f98   0x00000054   Code   RO           70    .text.mapValue      lcd.o
    0x00003fec   0x00003fec   0x00000004   PAD
    0x00003ff0   0x00003ff0   0x000002c0   Code   RO          170    .text.readKEYPAD    keypad.o
    0x000042b0   0x000042b0   0x00000040   Code   RO          207    .text.waitForTimerEdge  hcsr04.o
    0x000042f0   0x000042f0   0x0000003e   Code   RO          555    CL$$btod_d2e        c_w.l(btod.o)
    0x0000432e   0x0000432e   0x00000046   Code   RO          557    CL$$btod_d2e_denorm_low  c_w.l(btod.o)
    0x00004374   0x00004374   0x00000060   Code   RO          556    CL$$btod_d2e_norm_op1  c_w.l(btod.o)
    0x000043d4   0x000043d4   0x00000338   Code   RO          565    CL$$btod_div_common  c_w.l(btod.o)
    0x0000470c   0x0000470c   0x000000dc   Code   RO          562    CL$$btod_e2e        c_w.l(btod.o)
    0x000047e8   0x000047e8   0x0000002a   Code   RO          559    CL$$btod_ediv       c_w.l(btod.o)
    0x00004812   0x00004812   0x0000002a   Code   RO          558    CL$$btod_emul       c_w.l(btod.o)
    0x0000483c   0x0000483c   0x00000244   Code   RO          564    CL$$btod_mult_common  c_w.l(btod.o)
    0x00004a80   0x00004a80   0x000000d0   Code   RO          187    KEYPAD              keypad_1.o
    0x00004b50   0x00004b50   0x00000030   Code   RO          600    i.__ARM_fpclassify  m_wm.l(fpclassify.o)
    0x00004b80   0x00004b80   0x0000000e   Code   RO          399    i._is_digit         c_w.l(__printf_wp.o)
    0x00004b8e   0x00004b8e   0x00000002   PAD
    0x00004b90   0x00004b90   0x0000002c   Code   RO          580    locale$$code        c_w.l(lc_numeric_c.o)
    0x00004bbc   0x00004bbc   0x0000002c   Code   RO          618    locale$$code        c_w.l(lc_ctype_c.o)
    0x00004be8   0x00004be8   0x00000062   Code   RO          308    x$fpl$d2f           fz_wm.l(d2f.o)
    0x00004c4a   0x00004c4a   0x00000002   PAD
    0x00004c4c   0x00004c4c   0x00000150   Code   RO          310    x$fpl$dadd          fz_wm.l(daddsub_clz.o)
    0x00004d9c   0x00004d9c   0x000002b8   Code   RO          317    x$fpl$ddiv          fz_wm.l(ddiv.o)
    0x00005054   0x00005054   0x0000005e   Code   RO          320    x$fpl$dfix          fz_wm.l(dfix.o)
    0x000050b2   0x000050b2   0x0000002e   Code   RO          325    x$fpl$dflt          fz_wm.l(dflt_clz.o)
    0x000050e0   0x000050e0   0x00000154   Code   RO          330    x$fpl$dmul          fz_wm.l(dmul.o)
    0x00005234   0x00005234   0x0000009c   Code   RO          483    x$fpl$dnaninf       fz_wm.l(dnaninf.o)
    0x000052d0   0x000052d0   0x0000000c   Code   RO          485    x$fpl$dretinf       fz_wm.l(dretinf.o)
    0x000052dc   0x000052dc   0x000001dc   Code   RO          312    x$fpl$dsub          fz_wm.l(daddsub_clz.o)
    0x000054b8   0x000054b8   0x00000056   Code   RO          332    x$fpl$f2d           fz_wm.l(f2d.o)
    0x0000550e   0x0000550e   0x0000008c   Code   RO          487    x$fpl$fnaninf       fz_wm.l(fnaninf.o)
    0x0000559a   0x0000559a   0x0000001a   Code   RO          539    x$fpl$fpinit        fz_wm.l(fpinit.o)
    0x000055b4   0x000055b4   0x0000000a   Code   RO          489    x$fpl$fretinf       fz_wm.l(fretinf.o)
    0x000055be   0x000055be   0x00000004   Code   RO          491    x$fpl$printf1       fz_wm.l(printf1.o)
    0x000055c2   0x000055c2   0x00000004   Code   RO          493    x$fpl$printf2       fz_wm.l(printf2.o)
    0x000055c6   0x000055c6   0x00000000   Code   RO          499    x$fpl$usenofp       fz_wm.l(usenofp.o)
    0x000055c6   0x000055c6   0x00000002   PAD
    0x000055c8   0x000055c8   0x00000008   Data   RO          358    .constdata          c_w.l(_printf_wctomb.o)
    0x000055d0   0x000055d0   0x00000028   Data   RO          387    .constdata          c_w.l(_printf_hex_int_ll_ptr.o)
    0x000055f8   0x000055f8   0x00000011   Data   RO          407    .constdata          c_w.l(__printf_flags_ss_wp.o)
    0x00005609   0x00005609   0x00000026   Data   RO          526    .constdata          c_w.l(_printf_fp_hex.o)
    0x0000562f   0x0000562f   0x00000001   PAD
    0x00005630   0x00005630   0x00000094   Data   RO          553    .constdata          c_w.l(bigflt0.o)
    0x000056c4   0x000056c4   0x000001e0   Data   RO           74    .rodata.ASCII       lcd.o
    0x000058a4   0x000058a4   0x00000004   Data   RO          134    .rodata.bmp280      bmp280.o
    0x000058a8   0x000058a8   0x000002d4   Data   RO           76    .rodata.cos_values  lcd.o
    0x00005b7c   0x00005b7c   0x00000004   Data   RO          214    .rodata.hcsr04      hcsr04.o
    0x00005b80   0x00005b80   0x00000004   Data   RO          176    .rodata.keypad      keypad.o
    0x00005b84   0x00005b84   0x00000004   Data   RO          101    .rodata.radar       radar.o
    0x00005b88   0x00005b88   0x000002d4   Data   RO           75    .rodata.sin_values  lcd.o
    0x00005e5c   0x00005e5c   0x00000009   Data   RO           36    .rodata.str1.1      deep_sleep.o
    0x00005e65   0x00005e65   0x00000021   Data   RO          178    .rodata.str1.1      keypad.o
    0x00005e86   0x00005e86   0x00000045   Data   RO          247    .rodata.str1.1      led_buzzer.o
    0x00005ecb   0x00005ecb   0x00000001   PAD
    0x00005ecc   0x00005ecc   0x00000020   Data   RO          692    Region$$Table       anon$$obj.o
    0x00005eec   0x00005eec   0x0000001c   Data   RO          579    locale$$data        c_w.l(lc_numeric_c.o)
    0x00005f08   0x00005f08   0x00000110   Data   RO          617    locale$$data        c_w.l(lc_ctype_c.o)
    0x00006018   0x00006018   0x00000004   Data   RO          137    .init_array         bmp280.o
    0x0000601c   0x00006018   0x00000004   Data   RO          179    .init_array         keypad.o
    0x00006020   0x00006018   0x00000004   Data   RO          215    .init_array         hcsr04.o
    0x00006024   0x00006018   0x00000000   Data   RO          303    .init_array         c_w.l(init_aeabi.o)


    Execution Region ER_RW (Exec base: 0x20000000, Load base: 0x00006024, Size: 0x00000644, Max: 0xffffffff, ABSOLUTE, COMPRESSED[0x00000030])

    Exec Addr    Load Addr    Size         Type   Attr      Idx    E Section Name        Object

    0x20000000   COMPRESSED   0x00000001   Data   RW          245    .data.ChangeGraphButtonRead.previousState  led_buzzer.o
    0x20000001   COMPRESSED   0x00000003   PAD
    0x20000004   COMPRESSED   0x00000004   Data   RW           33    .data.LM35_THRESHOLD  deep_sleep.o
    0x20000008   COMPRESSED   0x00000030   Data   RW          133    .data.bmp280_instance  bmp280.o
    0x20000038   COMPRESSED   0x00000004   Data   RW           99    .data.delay         radar.o
    0x2000003c   COMPRESSED   0x0000002c   Data   RW          213    .data.hcsr04_instance  hcsr04.o
    0x20000068   COMPRESSED   0x00000030   Data   RW          175    .data.keypad_instance  keypad.o
    0x20000098   COMPRESSED   0x00000004   Data   RW          177    .data.numberReturn  keypad.o
    0x2000009c   COMPRESSED   0x000005a8   Data   RW          100    .data.radar_instance  radar.o


    Execution Region ER_ZI (Exec base: 0x20000648, Load base: 0x00006054, Size: 0x000004a8, Max: 0xffffffff, ABSOLUTE)

    Exec Addr    Load Addr    Size         Type   Attr      Idx    E Section Name        Object

    0x20000648        -       0x00000060   Zero   RW          607    .bss                c_w.l(libspace.o)
    0x200006a8        -       0x00000001   Zero   RW          246    .bss.ChangeGraphButtonRead.displayState  led_buzzer.o
    0x200006a9        -       0x00000014   Zero   RW           35    .bss.LM35_THRESHOLD_BUFFER  deep_sleep.o
    0x200006bd        -       0x00000001   Zero   RW           34    .bss.LM_35_AboveThreshold  deep_sleep.o
    0x200006be        -       0x000001f8   Zero   RW           77    .bss.Screen         lcd.o
    0x200008b6        -       0x00000018   Zero   RW          135    .bss.bmp280_calib   bmp280.o
    0x200008ce   0x00006054   0x00000002   PAD
    0x200008d0        -       0x00000004   Zero   RW           97    .bss.ms_ticks       radar.o
    0x200008d4        -       0x00000014   Zero   RW          174    .bss.result         keypad.o
    0x200008e8        -       0x00000004   Zero   RW           98    .bss.step_flag      radar.o
    0x200008ec        -       0x00000004   Zero   RW          136    .bss.t_fine         bmp280.o
    0x200008f0        -       0x00000000   Zero   RW          272    HEAP                startup_tm4c123.o
    0x200008f0        -       0x00000200   Zero   RW          271    STACK               startup_tm4c123.o


==============================================================================

Image component sizes


      Code (inc. data)   RO Data    RW Data    ZI Data      Debug   Object Name

       464         16          0          0          0       7482   adc.o
      1346         12          8         48         28       3481   bmp280.o
       974          0          9          4         21       8192   deep_sleep.o
      1342         16          8         44          0       8724   hcsr04.o
       700          0          0          0          0       7460   i2c.o
      1612          8         41         52         20       7669   keypad.o
       208          8          0          0          0        292   keypad_1.o
      1690         12       1928          0        504       9750   lcd.o
      1564         24         69          1          1       8802   led_buzzer.o
       108          0          0          0          0        416   main.o
      1126         20          4       1452          8       7014   radar.o
       276         24        620          0        512       5436   startup_tm4c123.o
        18          0          0          0          0       6683   system_tm4c123.o
        42          0          0          0          0        750   systick_init.o

    ----------------------------------------------------------------------
     11536        140       2720       1604       1096      82151   Object Totals
         0          0         32          0          0          0   (incl. Generated)
        66          0          1          3          2          0   (incl. Padding)

    ----------------------------------------------------------------------

      Code (inc. data)   RO Data    RW Data    ZI Data      Debug   Library Member Name

        58          0          0          0          0          0   __dczerorl.o
         8          0          0          0          0         68   __main.o
       392          4         17          0          0         92   __printf_flags_ss_wp.o
        14          0          0          0          0         68   __printf_wp.o
         0          0          0          0          0          0   __rtentry.o
        12          0          0          0          0          0   __rtentry2.o
         6          0          0          0          0          0   __rtentry4.o
        94          8          0          0          0          0   __scatter.o
        28          0          0          0          0          0   __scatter_zi.o
        72          0          0          0          0         96   _c16rtomb.o
         6          0          0          0          0          0   _printf_a.o
         6          0          0          0          0          0   _printf_c.o
        44          0          0          0          0        108   _printf_char.o
        48          6          0          0          0         96   _printf_char_common.o
        40          0          0          0          0         68   _printf_charcount.o
         6          0          0          0          0          0   _printf_d.o
       120         16          0          0          0         92   _printf_dec.o
         6          0          0          0          0          0   _printf_e.o
         6          0          0          0          0          0   _printf_f.o
      1052          0          0          0          0        148   _printf_fp_dec.o
       764          8         38          0          0        100   _printf_fp_hex.o
       128         16          0          0          0         84   _printf_fp_infnan.o
         6          0          0          0          0          0   _printf_g.o
       148          4         40          0          0        160   _printf_hex_int_ll_ptr.o
         6          0          0          0          0          0   _printf_i.o
       178          0          0          0          0         88   _printf_intcommon.o
        10          0          0          0          0          0   _printf_l.o
         6          0          0          0          0          0   _printf_lc.o
        10          0          0          0          0          0   _printf_ll.o
         6          0          0          0          0          0   _printf_lld.o
         6          0          0          0          0          0   _printf_lli.o
         6          0          0          0          0          0   _printf_llo.o
         6          0          0          0          0          0   _printf_llu.o
         6          0          0          0          0          0   _printf_llx.o
       124         16          0          0          0         92   _printf_longlong_dec.o
         6          0          0          0          0          0   _printf_ls.o
         6          0          0          0          0          0   _printf_n.o
         6          0          0          0          0          0   _printf_o.o
       112          8          0          0          0        124   _printf_oct_int_ll.o
         6          0          0          0          0          0   _printf_p.o
        78          0          0          0          0        108   _printf_pad.o
         0          0          0          0          0          0   _printf_percent.o
         4          0          0          0          0          0   _printf_percent_end.o
         6          0          0          0          0          0   _printf_s.o
        82          0          0          0          0         80   _printf_str.o
        36          0          0          0          0         84   _printf_truncate.o
         6          0          0          0          0          0   _printf_u.o
        44          0          0          0          0        108   _printf_wchar.o
       188          6          8          0          0         92   _printf_wctomb.o
         6          0          0          0          0          0   _printf_x.o
        16          0          0          0          0         68   _snputc.o
       228          4        148          0          0         96   bigflt0.o
      1936        128          0          0          0        668   btod.o
        18          0          0          0          0         80   exit.o
         6          0          0          0          0        152   heapauxi.o
         0          0          0          0          0          0   indicate_semi.o
        44          8          0          0          0         80   init_aeabi.o
        44         10        272          0          0         76   lc_ctype_c.o
        44         10         28          0          0         76   lc_numeric_c.o
         2          0          0          0          0          0   libinit.o
        38          0          0          0          0          0   libinit2.o
         2          0          0          0          0          0   libshutdown.o
         2          0          0          0          0          0   libshutdown2.o
         8          4          0          0         96         68   libspace.o
       116          0          0          0          0         84   llsdiv.o
       138          0          0          0          0         80   lludiv10.o
       240          0          0          0          0        100   lludivv7m.o
        16          4          0          0          0         76   rt_ctype_table.o
         8          4          0          0          0         68   rt_locale_intlibspace.o
         2          0          0          0          0          0   rtexit.o
        10          0          0          0          0          0   rtexit2.o
        64          6          0          0          0         84   snprintf.o
       124          0          0          0          0         88   strcmpv7em.o
        12          4          0          0          0         68   sys_exit.o
        74          0          0          0          0         80   sys_stackheap_outer.o
         2          0          0          0          0         68   use_no_semi.o
        98          4          0          0          0        140   d2f.o
       812         16          0          0          0        392   daddsub_clz.o
       696        140          0          0          0        264   ddiv.o
        94          4          0          0          0        140   dfix.o
        46          0          0          0          0        116   dflt_clz.o
       340         12          0          0          0        152   dmul.o
       156          4          0          0          0        140   dnaninf.o
        12          0          0          0          0        116   dretinf.o
        86          4          0          0          0        132   f2d.o
       140          4          0          0          0        132   fnaninf.o
        26          0          0          0          0        116   fpinit.o
        10          0          0          0          0        116   fretinf.o
         4          0          0          0          0        116   printf1.o
         4          0          0          0          0        116   printf2.o
         0          0          0          0          0          0   usenofp.o
        48          0          0          0          0        124   fpclassify.o

    ----------------------------------------------------------------------
      9804        466        552          0         96       6428   Library Totals
        24          4          1          0          0          0   (incl. Padding)

    ----------------------------------------------------------------------

      Code (inc. data)   RO Data    RW Data    ZI Data      Debug   Library Name

      7208        274        551          0         96       4116   c_w.l
      2524        188          0          0          0       2188   fz_wm.l
        48          0          0          0          0        124   m_wm.l

    ----------------------------------------------------------------------
      9804        466        552          0         96       6428   Library Totals

    ----------------------------------------------------------------------

==============================================================================


      Code (inc. data)   RO Data    RW Data    ZI Data      Debug   

     21340        606       3272       1604       1192      84843   Grand Totals
     21340        606       3272         48       1192      84843   ELF Image Totals (compressed)
     21340        606       3272         48          0          0   ROM Totals

==============================================================================

    Total RO  Size (Code + RO Data)                24612 (  24.04kB)
    Total RW  Size (RW Data + ZI Data)              2796 (   2.73kB)
    Total ROM Size (Code + RO Data + RW Data)      24660 (  24.08kB)

==============================================================================

