<html>
<body>
<pre>
<h1>µVision Build Log</h1>
<h2>Tool Versions:</h2>
IDE-Version: µVision V5.41.0.0
Copyright (C) 2024 ARM Ltd and ARM Germany GmbH. All rights reserved.
License Information: Onur Karakoç, Student, LIC=----
 
Tool Versions:
Toolchain:       MDK-Lite  Version: 5.41.0.0
Toolchain Path:  C:\Users\onurk\AppData\Local\Keil_v5\ARM\ARMCLANG\Bin
C Compiler:      ArmClang.exe V6.22
Assembler:       Armasm.exe V6.22
Linker/Locator:  ArmLink.exe V6.22
Library Manager: ArmAr.exe V6.22
Hex Converter:   FromElf.exe V6.22
CPU DLL:         SARMCM3.DLL V5.41.0.0
Dialog DLL:      DCM.DLL V1.17.5.0
Target DLL:      lmidk-agdi.dll V???
Dialog DLL:      TCM.DLL V1.56.4.0
 
<h2>Project:</h2>
C:\Users\onurk\Downloads\EE447\EE447\Proje.uvprojx
Project File Date:  01/15/2025

<h2>Output:</h2>
*** Using Compiler 'V6.22', folder: 'C:\Users\onurk\AppData\Local\Keil_v5\ARM\ARMCLANG\Bin'
Rebuild target 'Target_1'
Note: source file '.\KEYPAD.s' - object file renamed from '.\KEYPAD.o' to '.\keypad_1.o'.
Note: source file '.\KEYPAD.s' - object file renamed from '.\KEYPAD.o' to '.\keypad_1.o'.
compiling DEEP_SLEEP.c...
compiling HCSR04.c...
compiling SysTick_INIT.c...
compiling main.c...
compiling BMP280.c...
compiling I2C.c...
compiling RADAR.c...
LED_BUZZER.c(163): warning: label followed by a declaration is a C23 extension [-Wc23-extensions]
  163 |                                                                 char displayBuffer[20];
      |                                                                 ^
LED_BUZZER.c(173): warning: label followed by a declaration is a C23 extension [-Wc23-extensions]
  173 |                                                                 char bmpBuffer[20];
      |                                                                 ^
2 warnings generated.
compiling LED_BUZZER.c...
assembling KEYPAD.s...
LCD.c(472): warning: variable 'delay' set but not used [-Wunused-but-set-variable]
  472 |     volatile uint32_t delay;
      |                       ^
LCD.c(676): warning: unused parameter 'angles' [-Wunused-parameter]
  676 | void drawDistanceVsAngle(float *angles, float *distances, int size) {
      |                                 ^
2 warnings generated.
compiling LCD.c...
compiling KEYPAD.c...
compiling ADC.c...
assembling startup_TM4C123.s...
compiling system_TM4C123.c...
linking...
Program Size: Code=21340 RO-data=3272 RW-data=1604 ZI-data=1192  
".\Proje.axf" - 0 Error(s), 4 Warning(s).

<h2>Software Packages used:</h2>

Package Vendor: ARM
                https://www.keil.com/pack/ARM.CMSIS.6.1.0.pack
                ARM::CMSIS@6.1.0
                CMSIS (Common Microcontroller Software Interface Standard)
   * Component: CORE Version: 6.1.0

Package Vendor: Keil
                http://www.keil.com/pack/Keil.TM4C_DFP.1.1.0.pack
                Keil::TM4C_DFP@1.1.0
                Texas Instruments Tiva C Series Device Support and Examples
   * Component: Startup Version: 1.0.1

<h2>Collection of Component include folders:</h2>
  ./RTE/_Target_1
  C:/Users/onurk/AppData/Local/Arm/Packs/ARM/CMSIS/6.1.0/CMSIS/Core/Include
  C:/Users/onurk/AppData/Local/Arm/Packs/Keil/TM4C_DFP/1.1.0/Device/Include/TM4C123

<h2>Collection of Component Files used:</h2>

   * Component: ARM::CMSIS:CORE@6.1.0

   * Component: Keil::Device:Startup@1.0.1
      Include file:  Device/Include/TM4C123/TM4C123.h
      Source file:   Device/Source/system_TM4C123.c
      Source file:   Device/Source/ARM/startup_TM4C123.s
Build Time Elapsed:  00:00:01
</pre>
</body>
</html>
